Jan 31 12:38:35 cu-cs-vm rsyslogd: [origin software="rsyslogd" swVersion="8.16.0" x-pid="759" x-info="http://www.rsyslog.com"] rsyslogd was HUPed
Jan 31 12:38:49 cu-cs-vm anacron[794]: Job `cron.daily' terminated
Jan 31 12:40:31 cu-cs-vm obexd[1734]: Terminating
Jan 31 12:40:31 cu-cs-vm org.a11y.Bus[1189]: XIO:  fatal IO error 11 (Resource temporarily unavailable) on X server ":0"
Jan 31 12:40:31 cu-cs-vm systemd[1]: Stopping Session c1 of user user.
Jan 31 12:40:31 cu-cs-vm systemd[1]: Stopped target Timers.
Jan 31 12:40:31 cu-cs-vm systemd[1]: Stopped target Graphical Interface.
Jan 31 12:40:31 cu-cs-vm systemd[1]: Stopping Light Display Manager...
Jan 31 12:40:31 cu-cs-vm systemd[1]: Stopped target Multi-User System.
Jan 31 12:38:35 cu-cs-vm rsyslogd: [origin software="rsyslogd" swVersion="8.16.0" x-pid="759" x-info="http://www.rsyslog.com"] rsyslogd was HUPed
Jan 31 12:40:31 cu-cs-vm rsyslogd: [origin software="rsyslogd" swVersion="8.16.0" x-pid="759" x-info="http://www.rsyslog.com"] exiting on signal 15.
Jan 31 12:41:31 cu-cs-vm rsyslogd: [origin software="rsyslogd" swVersion="8.16.0" x-pid="761" x-info="http://www.rsyslog.com"] start
Jan 31 12:41:31 cu-cs-vm rsyslogd-2222: command 'KLogPermitNonKernelFacility' is currently not permitted - did you already set it via a RainerScript command (v6+ config)? [v8.16.0 try http://www.rsyslog.com/e/2222 ]
Jan 31 12:41:31 cu-cs-vm rsyslogd: rsyslogd's groupid changed to 108
Jan 31 12:41:31 cu-cs-vm rsyslogd: rsyslogd's userid changed to 104
Jan 31 12:41:31 cu-cs-vm rsyslogd-2039: Could not open output pipe '/dev/xconsole':: No such file or directory [v8.16.0 try http://www.rsyslog.com/e/2039 ]
Jan 31 12:41:31 cu-cs-vm rsyslogd-2007: action 'action 10' suspended, next retry is Fri Jan 31 12:42:01 2020 [v8.16.0 try http://www.rsyslog.com/e/2007 ]
Jan 31 12:41:31 cu-cs-vm systemd-modules-load[303]: Inserted module 'lp'
Jan 31 12:41:31 cu-cs-vm kernel: [    0.000000] Linux version 4.15.0-33-generic (buildd@lgw01-amd64-010) (gcc version 5.4.0 20160609 (Ubuntu 5.4.0-6ubuntu1~16.04.10)) #36~16.04.1-Ubuntu SMP Wed Aug 15 17:21:05 UTC 2018 (Ubuntu 4.15.0-33.36~16.04.1-generic 4.15.18)
Jan 31 12:41:31 cu-cs-vm kernel: [    0.000000] Command line: BOOT_IMAGE=/boot/vmlinuz-4.15.0-33-generic root=UUID=a7adc8c1-e02a-478b-93ad-c06e060e0176 ro
Jan 31 12:41:31 cu-cs-vm kernel: [    0.000000] KERNEL supported cpus:
Jan 31 12:41:31 cu-cs-vm kernel: [    0.000000]   Intel GenuineIntel
Jan 31 12:41:31 cu-cs-vm kernel: [    0.000000]   AMD AuthenticAMD
Jan 31 12:41:31 cu-cs-vm kernel: [    0.000000]   Centaur CentaurHauls
Jan 31 12:41:31 cu-cs-vm kernel: [    0.000000] x86/fpu: Supporting XSAVE feature 0x001: 'x87 floating point registers'
Jan 31 12:41:31 cu-cs-vm kernel: [    0.000000] x86/fpu: Supporting XSAVE feature 0x002: 'SSE registers'
Jan 31 12:41:31 cu-cs-vm kernel: [    0.000000] x86/fpu: Supporting XSAVE feature 0x004: 'AVX registers'
Jan 31 12:41:31 cu-cs-vm kernel: [    0.000000] x86/fpu: xstate_offset[2]:  576, xstate_sizes[2]:  256
Jan 31 12:41:31 cu-cs-vm kernel: [    0.000000] x86/fpu: Enabled xstate features 0x7, context size is 832 bytes, using 'standard' format.
Jan 31 12:41:31 cu-cs-vm kernel: [    0.000000] e820: BIOS-provided physical RAM map:
Jan 31 12:41:31 cu-cs-vm kernel: [    0.000000] BIOS-e820: [mem 0x0000000000000000-0x000000000009fbff] usable
Jan 31 12:41:31 cu-cs-vm kernel: [    0.000000] BIOS-e820: [mem 0x000000000009fc00-0x000000000009ffff] reserved
Jan 31 12:41:31 cu-cs-vm kernel: [    0.000000] BIOS-e820: [mem 0x00000000000f0000-0x00000000000fffff] reserved
Jan 31 12:41:31 cu-cs-vm kernel: [    0.000000] BIOS-e820: [mem 0x0000000000100000-0x000000007ffeffff] usable
Jan 31 12:41:31 cu-cs-vm kernel: [    0.000000] BIOS-e820: [mem 0x000000007fff0000-0x000000007fffffff] ACPI data
Jan 31 12:41:31 cu-cs-vm kernel: [    0.000000] BIOS-e820: [mem 0x00000000fec00000-0x00000000fec00fff] reserved
Jan 31 12:41:31 cu-cs-vm kernel: [    0.000000] BIOS-e820: [mem 0x00000000fee00000-0x00000000fee00fff] reserved
Jan 31 12:41:31 cu-cs-vm kernel: [    0.000000] BIOS-e820: [mem 0x00000000fffc0000-0x00000000ffffffff] reserved
Jan 31 12:41:31 cu-cs-vm kernel: [    0.000000] NX (Execute Disable) protection: active
Jan 31 12:41:31 cu-cs-vm kernel: [    0.000000] SMBIOS 2.5 present.
Jan 31 12:41:31 cu-cs-vm kernel: [    0.000000] DMI: innotek GmbH VirtualBox/VirtualBox, BIOS VirtualBox 12/01/2006
Jan 31 12:41:31 cu-cs-vm kernel: [    0.000000] Hypervisor detected: KVM
Jan 31 12:41:31 cu-cs-vm kernel: [    0.000000] e820: update [mem 0x00000000-0x00000fff] usable ==> reserved
Jan 31 12:41:31 cu-cs-vm kernel: [    0.000000] e820: remove [mem 0x000a0000-0x000fffff] usable
Jan 31 12:41:31 cu-cs-vm kernel: [    0.000000] e820: last_pfn = 0x7fff0 max_arch_pfn = 0x400000000
Jan 31 12:41:31 cu-cs-vm kernel: [    0.000000] MTRR default type: uncachable
Jan 31 12:41:31 cu-cs-vm kernel: [    0.000000] MTRR variable ranges disabled:
Jan 31 12:41:31 cu-cs-vm kernel: [    0.000000] MTRR: Disabled
Jan 31 12:41:31 cu-cs-vm kernel: [    0.000000] x86/PAT: MTRRs disabled, skipping PAT initialization too.
Jan 31 12:41:31 cu-cs-vm kernel: [    0.000000] CPU MTRRs all blank - virtualized system.
Jan 31 12:41:31 cu-cs-vm kernel: [    0.000000] x86/PAT: Configuration [0-7]: WB  WT  UC- UC  WB  WT  UC- UC  
Jan 31 12:41:31 cu-cs-vm kernel: [    0.000000] Scanning 1 areas for low memory corruption
Jan 31 12:41:31 cu-cs-vm kernel: [    0.000000] Base memory trampoline at [        (ptrval)] 99000 size 24576
Jan 31 12:41:31 cu-cs-vm kernel: [    0.000000] BRK [0x1db3d000, 0x1db3dfff] PGTABLE
Jan 31 12:41:31 cu-cs-vm kernel: [    0.000000] BRK [0x1db3e000, 0x1db3efff] PGTABLE
Jan 31 12:41:31 cu-cs-vm kernel: [    0.000000] BRK [0x1db3f000, 0x1db3ffff] PGTABLE
Jan 31 12:41:31 cu-cs-vm kernel: [    0.000000] BRK [0x1db40000, 0x1db40fff] PGTABLE
Jan 31 12:41:31 cu-cs-vm kernel: [    0.000000] BRK [0x1db41000, 0x1db41fff] PGTABLE
Jan 31 12:41:31 cu-cs-vm kernel: [    0.000000] BRK [0x1db42000, 0x1db42fff] PGTABLE
Jan 31 12:41:31 cu-cs-vm kernel: [    0.000000] RAMDISK: [mem 0x317a4000-0x34bc9fff]
Jan 31 12:41:31 cu-cs-vm kernel: [    0.000000] ACPI: Early table checksum verification disabled
Jan 31 12:41:31 cu-cs-vm kernel: [    0.000000] ACPI: RSDP 0x00000000000E0000 000024 (v02 VBOX  )
Jan 31 12:41:31 cu-cs-vm kernel: [    0.000000] ACPI: XSDT 0x000000007FFF0030 00003C (v01 VBOX   VBOXXSDT 00000001 ASL  00000061)
Jan 31 12:41:31 cu-cs-vm kernel: [    0.000000] ACPI: FACP 0x000000007FFF00F0 0000F4 (v04 VBOX   VBOXFACP 00000001 ASL  00000061)
Jan 31 12:41:31 cu-cs-vm kernel: [    0.000000] ACPI: DSDT 0x000000007FFF0470 0022EA (v02 VBOX   VBOXBIOS 00000002 INTL 20100528)
Jan 31 12:41:31 cu-cs-vm kernel: [    0.000000] ACPI: FACS 0x000000007FFF0200 000040
Jan 31 12:41:31 cu-cs-vm kernel: [    0.000000] ACPI: FACS 0x000000007FFF0200 000040
Jan 31 12:41:31 cu-cs-vm kernel: [    0.000000] ACPI: APIC 0x000000007FFF0240 00005C (v02 VBOX   VBOXAPIC 00000001 ASL  00000061)
Jan 31 12:41:31 cu-cs-vm kernel: [    0.000000] ACPI: SSDT 0x000000007FFF02A0 0001CC (v01 VBOX   VBOXCPUT 00000002 INTL 20100528)
Jan 31 12:41:31 cu-cs-vm kernel: [    0.000000] ACPI: Local APIC address 0xfee00000
Jan 31 12:41:31 cu-cs-vm kernel: [    0.000000] No NUMA configuration found
Jan 31 12:41:31 cu-cs-vm kernel: [    0.000000] Faking a node at [mem 0x0000000000000000-0x000000007ffeffff]
Jan 31 12:41:31 cu-cs-vm kernel: [    0.000000] NODE_DATA(0) allocated [mem 0x7ffc5000-0x7ffeffff]
Jan 31 12:41:31 cu-cs-vm kernel: [    0.000000] kvm-clock: cpu 0, msr 0:7ff44001, primary cpu clock
Jan 31 12:41:31 cu-cs-vm kernel: [    0.000000] kvm-clock: Using msrs 4b564d01 and 4b564d00
Jan 31 12:41:31 cu-cs-vm kernel: [    0.000000] kvm-clock: using sched offset of 641114565478 cycles
Jan 31 12:41:31 cu-cs-vm kernel: [    0.000000] clocksource: kvm-clock: mask: 0xffffffffffffffff max_cycles: 0x1cd42e4dffb, max_idle_ns: 881590591483 ns
Jan 31 12:41:31 cu-cs-vm kernel: [    0.000000] Zone ranges:
Jan 31 12:41:31 cu-cs-vm kernel: [    0.000000]   DMA      [mem 0x0000000000001000-0x0000000000ffffff]
Jan 31 12:41:31 cu-cs-vm kernel: [    0.000000]   DMA32    [mem 0x0000000001000000-0x000000007ffeffff]
Jan 31 12:41:31 cu-cs-vm kernel: [    0.000000]   Normal   empty
Jan 31 12:41:31 cu-cs-vm kernel: [    0.000000]   Device   empty
Jan 31 12:41:31 cu-cs-vm kernel: [    0.000000] Movable zone start for each node
Jan 31 12:41:31 cu-cs-vm kernel: [    0.000000] Early memory node ranges
Jan 31 12:41:31 cu-cs-vm kernel: [    0.000000]   node   0: [mem 0x0000000000001000-0x000000000009efff]
Jan 31 12:41:31 cu-cs-vm kernel: [    0.000000]   node   0: [mem 0x0000000000100000-0x000000007ffeffff]
Jan 31 12:41:31 cu-cs-vm kernel: [    0.000000] Initmem setup node 0 [mem 0x0000000000001000-0x000000007ffeffff]
Jan 31 12:41:31 cu-cs-vm kernel: [    0.000000] On node 0 totalpages: 524174
Jan 31 12:41:31 cu-cs-vm kernel: [    0.000000]   DMA zone: 64 pages used for memmap
Jan 31 12:41:31 cu-cs-vm kernel: [    0.000000]   DMA zone: 21 pages reserved
Jan 31 12:41:31 cu-cs-vm kernel: [    0.000000]   DMA zone: 3998 pages, LIFO batch:0
Jan 31 12:41:31 cu-cs-vm kernel: [    0.000000]   DMA32 zone: 8128 pages used for memmap
Jan 31 12:41:31 cu-cs-vm kernel: [    0.000000]   DMA32 zone: 520176 pages, LIFO batch:31
Jan 31 12:41:31 cu-cs-vm kernel: [    0.000000] Reserved but unavailable: 98 pages
Jan 31 12:41:31 cu-cs-vm kernel: [    0.000000] ACPI: PM-Timer IO Port: 0x4008
Jan 31 12:41:31 cu-cs-vm kernel: [    0.000000] ACPI: Local APIC address 0xfee00000
Jan 31 12:41:31 cu-cs-vm kernel: [    0.000000] IOAPIC[0]: apic_id 2, version 32, address 0xfec00000, GSI 0-23
Jan 31 12:41:31 cu-cs-vm kernel: [    0.000000] ACPI: INT_SRC_OVR (bus 0 bus_irq 0 global_irq 2 dfl dfl)
Jan 31 12:41:31 cu-cs-vm kernel: [    0.000000] ACPI: INT_SRC_OVR (bus 0 bus_irq 9 global_irq 9 low level)
Jan 31 12:41:31 cu-cs-vm kernel: [    0.000000] ACPI: IRQ0 used by override.
Jan 31 12:41:31 cu-cs-vm kernel: [    0.000000] ACPI: IRQ9 used by override.
Jan 31 12:41:31 cu-cs-vm kernel: [    0.000000] Using ACPI (MADT) for SMP configuration information
Jan 31 12:41:31 cu-cs-vm kernel: [    0.000000] smpboot: Allowing 2 CPUs, 0 hotplug CPUs
Jan 31 12:41:31 cu-cs-vm kernel: [    0.000000] PM: Registered nosave memory: [mem 0x00000000-0x00000fff]
Jan 31 12:41:31 cu-cs-vm kernel: [    0.000000] PM: Registered nosave memory: [mem 0x0009f000-0x0009ffff]
Jan 31 12:41:31 cu-cs-vm kernel: [    0.000000] PM: Registered nosave memory: [mem 0x000a0000-0x000effff]
Jan 31 12:41:31 cu-cs-vm kernel: [    0.000000] PM: Registered nosave memory: [mem 0x000f0000-0x000fffff]
Jan 31 12:41:31 cu-cs-vm kernel: [    0.000000] e820: [mem 0x80000000-0xfebfffff] available for PCI devices
Jan 31 12:41:31 cu-cs-vm kernel: [    0.000000] Booting paravirtualized kernel on KVM
Jan 31 12:41:31 cu-cs-vm kernel: [    0.000000] clocksource: refined-jiffies: mask: 0xffffffff max_cycles: 0xffffffff, max_idle_ns: 7645519600211568 ns
Jan 31 12:41:31 cu-cs-vm kernel: [    0.000000] random: get_random_bytes called from start_kernel+0x99/0x51b with crng_init=0
Jan 31 12:41:31 cu-cs-vm kernel: [    0.000000] setup_percpu: NR_CPUS:8192 nr_cpumask_bits:2 nr_cpu_ids:2 nr_node_ids:1
Jan 31 12:41:31 cu-cs-vm kernel: [    0.000000] percpu: Embedded 46 pages/cpu @        (ptrval) s151552 r8192 d28672 u1048576
Jan 31 12:41:31 cu-cs-vm kernel: [    0.000000] pcpu-alloc: s151552 r8192 d28672 u1048576 alloc=1*2097152
Jan 31 12:41:31 cu-cs-vm kernel: [    0.000000] pcpu-alloc: [0] 0 1 
Jan 31 12:41:31 cu-cs-vm kernel: [    0.000000] PV qspinlock hash table entries: 256 (order: 0, 4096 bytes)
Jan 31 12:41:31 cu-cs-vm kernel: [    0.000000] Built 1 zonelists, mobility grouping on.  Total pages: 515961
Jan 31 12:41:31 cu-cs-vm kernel: [    0.000000] Policy zone: DMA32
Jan 31 12:41:31 cu-cs-vm kernel: [    0.000000] Kernel command line: BOOT_IMAGE=/boot/vmlinuz-4.15.0-33-generic root=UUID=a7adc8c1-e02a-478b-93ad-c06e060e0176 ro
Jan 31 12:41:31 cu-cs-vm kernel: [    0.000000] Calgary: detecting Calgary via BIOS EBDA area
Jan 31 12:41:31 cu-cs-vm kernel: [    0.000000] Calgary: Unable to locate Rio Grande table in EBDA - bailing!
Jan 31 12:41:31 cu-cs-vm kernel: [    0.000000] Memory: 1981384K/2096696K available (12300K kernel code, 2469K rwdata, 4252K rodata, 2404K init, 2416K bss, 115312K reserved, 0K cma-reserved)
Jan 31 12:41:31 cu-cs-vm kernel: [    0.000000] SLUB: HWalign=64, Order=0-3, MinObjects=0, CPUs=2, Nodes=1
Jan 31 12:41:31 cu-cs-vm kernel: [    0.000000] Kernel/User page tables isolation: enabled
Jan 31 12:41:31 cu-cs-vm kernel: [    0.000000] ftrace: allocating 39127 entries in 153 pages
Jan 31 12:41:31 cu-cs-vm kernel: [    0.004000] Hierarchical RCU implementation.
Jan 31 12:41:31 cu-cs-vm kernel: [    0.004000] 	RCU restricting CPUs from NR_CPUS=8192 to nr_cpu_ids=2.
Jan 31 12:41:31 cu-cs-vm kernel: [    0.004000] 	Tasks RCU enabled.
Jan 31 12:41:31 cu-cs-vm kernel: [    0.004000] RCU: Adjusting geometry for rcu_fanout_leaf=16, nr_cpu_ids=2
Jan 31 12:41:31 cu-cs-vm kernel: [    0.004000] NR_IRQS: 524544, nr_irqs: 440, preallocated irqs: 16
Jan 31 12:41:31 cu-cs-vm kernel: [    0.004000] Console: colour VGA+ 80x25
Jan 31 12:41:31 cu-cs-vm kernel: [    0.004000] console [tty0] enabled
Jan 31 12:41:31 cu-cs-vm kernel: [    0.004000] ACPI: Core revision 20170831
Jan 31 12:41:31 cu-cs-vm kernel: [    0.004000] ACPI: 2 ACPI AML tables successfully acquired and loaded
Jan 31 12:41:31 cu-cs-vm kernel: [    0.004000] APIC: Switch to symmetric I/O mode setup
Jan 31 12:41:31 cu-cs-vm kernel: [    0.004000] x2apic enabled
Jan 31 12:41:31 cu-cs-vm kernel: [    0.004000] Switched APIC routing to physical x2apic.
Jan 31 12:41:31 cu-cs-vm kernel: [    0.004000] ..TIMER: vector=0x30 apic1=0 pin1=2 apic2=-1 pin2=-1
Jan 31 12:41:31 cu-cs-vm kernel: [    0.004000] tsc: Detected 2712.002 MHz processor
Jan 31 12:41:31 cu-cs-vm kernel: [    0.004000] Calibrating delay loop (skipped) preset value.. 5424.00 BogoMIPS (lpj=10848008)
Jan 31 12:41:31 cu-cs-vm kernel: [    0.004011] pid_max: default: 32768 minimum: 301
Jan 31 12:41:31 cu-cs-vm kernel: [    0.004508] Security Framework initialized
Jan 31 12:41:31 cu-cs-vm kernel: [    0.004877] Yama: becoming mindful.
Jan 31 12:41:31 cu-cs-vm kernel: [    0.005216] AppArmor: AppArmor initialized
Jan 31 12:41:31 cu-cs-vm kernel: [    0.006056] Dentry cache hash table entries: 262144 (order: 9, 2097152 bytes)
Jan 31 12:41:31 cu-cs-vm kernel: [    0.008425] Inode-cache hash table entries: 131072 (order: 8, 1048576 bytes)
Jan 31 12:41:31 cu-cs-vm kernel: [    0.008926] Mount-cache hash table entries: 4096 (order: 3, 32768 bytes)
Jan 31 12:41:31 cu-cs-vm kernel: [    0.009350] Mountpoint-cache hash table entries: 4096 (order: 3, 32768 bytes)
Jan 31 12:41:31 cu-cs-vm kernel: [    0.010341] mce: CPU supports 0 MCE banks
Jan 31 12:41:31 cu-cs-vm kernel: [    0.010677] Last level iTLB entries: 4KB 64, 2MB 8, 4MB 8
Jan 31 12:41:31 cu-cs-vm kernel: [    0.011125] Last level dTLB entries: 4KB 64, 2MB 0, 4MB 0, 1GB 4
Jan 31 12:41:31 cu-cs-vm kernel: [    0.012008] Spectre V2 : Mitigation: Full generic retpoline
Jan 31 12:41:31 cu-cs-vm kernel: [    0.012384] Spectre V2 : Spectre v2 mitigation: Filling RSB on context switch
Jan 31 12:41:31 cu-cs-vm kernel: [    0.012841] Speculative Store Bypass: Vulnerable
Jan 31 12:41:31 cu-cs-vm kernel: [    0.013334] Freeing SMP alternatives memory: 36K
Jan 31 12:41:31 cu-cs-vm kernel: [    0.016000] smpboot: CPU0: Intel(R) Core(TM) i5-7200U CPU @ 2.50GHz (family: 0x6, model: 0x8e, stepping: 0x9)
Jan 31 12:41:31 cu-cs-vm kernel: [    0.016000] Performance Events: unsupported p6 CPU model 142 no PMU driver, software events only.
Jan 31 12:41:31 cu-cs-vm kernel: [    0.016000] Hierarchical SRCU implementation.
Jan 31 12:41:31 cu-cs-vm kernel: [    0.016000] NMI watchdog: Perf event create on CPU 0 failed with -2
Jan 31 12:41:31 cu-cs-vm kernel: [    0.016000] NMI watchdog: Perf NMI watchdog permanently disabled
Jan 31 12:41:31 cu-cs-vm kernel: [    0.016000] smp: Bringing up secondary CPUs ...
Jan 31 12:41:31 cu-cs-vm kernel: [    0.016101] x86: Booting SMP configuration:
Jan 31 12:41:31 cu-cs-vm kernel: [    0.016416] .... node  #0, CPUs:      #1
Jan 31 12:41:31 cu-cs-vm kernel: [    0.004000] kvm-clock: cpu 1, msr 0:7ff44041, secondary cpu clock
Jan 31 12:41:31 cu-cs-vm kernel: [    0.004000] mce: CPU supports 0 MCE banks
Jan 31 12:41:31 cu-cs-vm kernel: [    0.018938] smp: Brought up 1 node, 2 CPUs
Jan 31 12:41:31 cu-cs-vm kernel: [    0.018938] smpboot: Max logical packages: 1
Jan 31 12:41:31 cu-cs-vm kernel: [    0.020007] smpboot: Total of 2 processors activated (10848.00 BogoMIPS)
Jan 31 12:41:31 cu-cs-vm kernel: [    0.020585] devtmpfs: initialized
Jan 31 12:41:31 cu-cs-vm kernel: [    0.020585] x86/mm: Memory block size: 128MB
Jan 31 12:41:31 cu-cs-vm kernel: [    0.020918] evm: security.selinux
Jan 31 12:41:31 cu-cs-vm kernel: [    0.021203] evm: security.SMACK64
Jan 31 12:41:31 cu-cs-vm kernel: [    0.021479] evm: security.SMACK64EXEC
Jan 31 12:41:31 cu-cs-vm kernel: [    0.021768] evm: security.SMACK64TRANSMUTE
Jan 31 12:41:31 cu-cs-vm kernel: [    0.022077] evm: security.SMACK64MMAP
Jan 31 12:41:31 cu-cs-vm kernel: [    0.022433] evm: security.apparmor
Jan 31 12:41:31 cu-cs-vm kernel: [    0.022748] evm: security.ima
Jan 31 12:41:31 cu-cs-vm kernel: [    0.024004] evm: security.capability
Jan 31 12:41:31 cu-cs-vm kernel: [    0.024332] clocksource: jiffies: mask: 0xffffffff max_cycles: 0xffffffff, max_idle_ns: 7645041785100000 ns
Jan 31 12:41:31 cu-cs-vm kernel: [    0.024658] futex hash table entries: 512 (order: 3, 32768 bytes)
Jan 31 12:41:31 cu-cs-vm kernel: [    0.025102] pinctrl core: initialized pinctrl subsystem
Jan 31 12:41:31 cu-cs-vm kernel: [    0.025845] RTC time: 19:41:15, date: 01/31/20
Jan 31 12:41:31 cu-cs-vm kernel: [    0.026421] NET: Registered protocol family 16
Jan 31 12:41:31 cu-cs-vm kernel: [    0.026902] audit: initializing netlink subsys (disabled)
Jan 31 12:41:31 cu-cs-vm kernel: [    0.028031] audit: type=2000 audit(1580500314.844:1): state=initialized audit_enabled=0 res=1
Jan 31 12:41:31 cu-cs-vm kernel: [    0.028718] cpuidle: using governor ladder
Jan 31 12:41:31 cu-cs-vm kernel: [    0.028718] cpuidle: using governor menu
Jan 31 12:41:31 cu-cs-vm kernel: [    0.028906] ACPI: bus type PCI registered
Jan 31 12:41:31 cu-cs-vm kernel: [    0.029322] acpiphp: ACPI Hot Plug PCI Controller Driver version: 0.5
Jan 31 12:41:31 cu-cs-vm kernel: [    0.029878] PCI: Using configuration type 1 for base access
Jan 31 12:41:31 cu-cs-vm kernel: [    0.032659] HugeTLB registered 2.00 MiB page size, pre-allocated 0 pages
Jan 31 12:41:31 cu-cs-vm kernel: [    0.032659] ACPI: Added _OSI(Module Device)
Jan 31 12:41:31 cu-cs-vm kernel: [    0.032659] ACPI: Added _OSI(Processor Device)
Jan 31 12:41:31 cu-cs-vm kernel: [    0.032804] ACPI: Added _OSI(3.0 _SCP Extensions)
Jan 31 12:41:31 cu-cs-vm kernel: [    0.033138] ACPI: Added _OSI(Processor Aggregator Device)
Jan 31 12:41:31 cu-cs-vm kernel: [    0.033501] ACPI: Added _OSI(Linux-Dell-Video)
Jan 31 12:41:31 cu-cs-vm kernel: [    0.036398] ACPI: Executed 1 blocks of module-level executable AML code
Jan 31 12:41:31 cu-cs-vm kernel: [    0.042227] ACPI: Interpreter enabled
Jan 31 12:41:31 cu-cs-vm kernel: [    0.042587] ACPI: (supports S0 S5)
Jan 31 12:41:31 cu-cs-vm kernel: [    0.042880] ACPI: Using IOAPIC for interrupt routing
Jan 31 12:41:31 cu-cs-vm kernel: [    0.043712] PCI: Using host bridge windows from ACPI; if necessary, use "pci=nocrs" and report a bug
Jan 31 12:41:31 cu-cs-vm kernel: [    0.044283] ACPI: Enabled 2 GPEs in block 00 to 07
Jan 31 12:41:31 cu-cs-vm kernel: [    0.054764] ACPI: PCI Root Bridge [PCI0] (domain 0000 [bus 00-ff])
Jan 31 12:41:31 cu-cs-vm kernel: [    0.055181] acpi PNP0A03:00: _OSC: OS supports [ASPM ClockPM Segments MSI]
Jan 31 12:41:31 cu-cs-vm kernel: [    0.056000] acpi PNP0A03:00: _OSC: not requesting OS control; OS requires [ExtendedConfig ASPM ClockPM MSI]
Jan 31 12:41:31 cu-cs-vm kernel: [    0.056000] acpi PNP0A03:00: fail to add MMCONFIG information, can't access extended PCI configuration space under this bridge.
Jan 31 12:41:31 cu-cs-vm kernel: [    0.056421] PCI host bridge to bus 0000:00
Jan 31 12:41:31 cu-cs-vm systemd-modules-load[303]: Inserted module 'ppdev'
Jan 31 12:41:31 cu-cs-vm kernel: [    0.056743] pci_bus 0000:00: root bus resource [io  0x0000-0x0cf7 window]
Jan 31 12:41:31 cu-cs-vm kernel: [    0.057165] pci_bus 0000:00: root bus resource [io  0x0d00-0xffff window]
Jan 31 12:41:31 cu-cs-vm kernel: [    0.057588] pci_bus 0000:00: root bus resource [mem 0x000a0000-0x000bffff window]
Jan 31 12:41:31 cu-cs-vm kernel: [    0.058131] pci_bus 0000:00: root bus resource [mem 0x80000000-0xfdffffff window]
Jan 31 12:41:31 cu-cs-vm kernel: [    0.058719] pci_bus 0000:00: root bus resource [bus 00-ff]
Jan 31 12:41:31 cu-cs-vm kernel: [    0.059155] pci 0000:00:00.0: [8086:1237] type 00 class 0x060000
Jan 31 12:41:31 cu-cs-vm kernel: [    0.060709] pci 0000:00:01.0: [8086:7000] type 00 class 0x060100
Jan 31 12:41:31 cu-cs-vm kernel: [    0.061608] pci 0000:00:02.0: [80ee:beef] type 00 class 0x030000
Jan 31 12:41:31 cu-cs-vm kernel: [    0.064068] pci 0000:00:02.0: reg 0x10: [mem 0xe0000000-0xe0ffffff pref]
Jan 31 12:41:31 cu-cs-vm kernel: [    0.074471] pci 0000:00:04.0: [80ee:cafe] type 00 class 0x088000
Jan 31 12:41:31 cu-cs-vm kernel: [    0.079295] pci 0000:00:04.0: reg 0x10: [io  0xd000-0xd01f]
Jan 31 12:41:31 cu-cs-vm kernel: [    0.080346] pci 0000:00:04.0: reg 0x14: [mem 0xf0000000-0xf03fffff]
Jan 31 12:41:31 cu-cs-vm kernel: [    0.081682] pci 0000:00:04.0: reg 0x18: [mem 0xf0400000-0xf0403fff pref]
Jan 31 12:41:31 cu-cs-vm systemd-modules-load[303]: Inserted module 'parport_pc'
Jan 31 12:41:31 cu-cs-vm kernel: [    0.086725] pci 0000:00:05.0: [8086:2415] type 00 class 0x040100
Jan 31 12:41:31 cu-cs-vm kernel: [    0.086905] pci 0000:00:05.0: reg 0x10: [io  0xd100-0xd1ff]
Jan 31 12:41:31 cu-cs-vm kernel: [    0.087010] pci 0000:00:05.0: reg 0x14: [io  0xd200-0xd23f]
Jan 31 12:41:31 cu-cs-vm kernel: [    0.088823] pci 0000:00:06.0: [106b:003f] type 00 class 0x0c0310
Jan 31 12:41:31 cu-cs-vm kernel: [    0.089861] pci 0000:00:06.0: reg 0x10: [mem 0xf0404000-0xf0404fff]
Jan 31 12:41:31 cu-cs-vm systemd-modules-load[303]: Module 'fuse' is builtin
Jan 31 12:41:31 cu-cs-vm kernel: [    0.095456] pci 0000:00:07.0: [8086:7113] type 00 class 0x068000
Jan 31 12:41:31 cu-cs-vm kernel: [    0.096545] pci 0000:00:07.0: quirk: [io  0x4000-0x403f] claimed by PIIX4 ACPI
Jan 31 12:41:31 cu-cs-vm kernel: [    0.097291] pci 0000:00:07.0: quirk: [io  0x4100-0x410f] claimed by PIIX4 SMB
Jan 31 12:41:31 cu-cs-vm kernel: [    0.098296] pci 0000:00:0d.0: [8086:2829] type 00 class 0x010601
Jan 31 12:41:31 cu-cs-vm kernel: [    0.099409] pci 0000:00:0d.0: reg 0x10: [io  0xd240-0xd247]
Jan 31 12:41:31 cu-cs-vm systemd[1]: Starting udev Kernel Device Manager...
Jan 31 12:41:31 cu-cs-vm kernel: [    0.100143] pci 0000:00:0d.0: reg 0x14: [io  0xd248-0xd24b]
Jan 31 12:41:31 cu-cs-vm kernel: [    0.101134] pci 0000:00:0d.0: reg 0x18: [io  0xd250-0xd257]
Jan 31 12:41:31 cu-cs-vm kernel: [    0.102089] pci 0000:00:0d.0: reg 0x1c: [io  0xd258-0xd25b]
Jan 31 12:41:31 cu-cs-vm kernel: [    0.103168] pci 0000:00:0d.0: reg 0x20: [io  0xd260-0xd26f]
Jan 31 12:41:31 cu-cs-vm kernel: [    0.104098] pci 0000:00:0d.0: reg 0x24: [mem 0xf0406000-0xf0407fff]
Jan 31 12:41:31 cu-cs-vm kernel: [    0.105784] pci 0000:00:11.0: [8086:100f] type 00 class 0x020000
Jan 31 12:41:31 cu-cs-vm systemd[1]: Started Apply Kernel Variables.
Jan 31 12:41:31 cu-cs-vm loadkeys[299]: Loading /etc/console-setup/cached.kmap.gz
Jan 31 12:41:31 cu-cs-vm systemd[1]: Started Set console keymap.
Jan 31 12:41:31 cu-cs-vm systemd[1]: Started udev Kernel Device Manager.
Jan 31 12:41:31 cu-cs-vm systemd[1]: Starting Remount Root and Kernel File Systems...
Jan 31 12:41:31 cu-cs-vm systemd[1]: Started Remount Root and Kernel File Systems.
Jan 31 12:41:31 cu-cs-vm kernel: [    0.106847] pci 0000:00:11.0: reg 0x10: [mem 0xf0420000-0xf043ffff]
Jan 31 12:41:31 cu-cs-vm kernel: [    0.109399] pci 0000:00:11.0: reg 0x18: [io  0xd270-0xd277]
Jan 31 12:41:31 cu-cs-vm kernel: [    0.114151] pci 0000:00:14.0: [1000:0030] type 00 class 0x010000
Jan 31 12:41:31 cu-cs-vm kernel: [    0.116164] pci 0000:00:14.0: reg 0x10: [io  0xd300-0xd3ff]
Jan 31 12:41:31 cu-cs-vm kernel: [    0.117252] pci 0000:00:14.0: reg 0x14: [mem 0xf0440000-0xf045ffff]
Jan 31 12:41:31 cu-cs-vm kernel: [    0.118259] pci 0000:00:14.0: reg 0x18: [mem 0xf0460000-0xf047ffff]
Jan 31 12:41:31 cu-cs-vm systemd[1]: Starting Load/Save Random Seed...
Jan 31 12:41:31 cu-cs-vm systemd[1]: Reached target Local File Systems (Pre).
Jan 31 12:41:31 cu-cs-vm systemd[1]: Starting Flush Journal to Persistent Storage...
Jan 31 12:41:31 cu-cs-vm systemd[1]: Starting udev Coldplug all Devices...
Jan 31 12:41:31 cu-cs-vm systemd[1]: Reached target Local File Systems.
Jan 31 12:41:31 cu-cs-vm systemd[1]: Starting LSB: AppArmor initialization...
Jan 31 12:41:31 cu-cs-vm kernel: [    0.124254] ACPI: PCI Interrupt Link [LNKA] (IRQs 5 9 10 *11)
Jan 31 12:41:31 cu-cs-vm kernel: [    0.125096] ACPI: PCI Interrupt Link [LNKB] (IRQs 5 9 *10 11)
Jan 31 12:41:31 cu-cs-vm kernel: [    0.125623] ACPI: PCI Interrupt Link [LNKC] (IRQs 5 *9 10 11)
Jan 31 12:41:31 cu-cs-vm kernel: [    0.126166] ACPI: PCI Interrupt Link [LNKD] (IRQs 5 9 10 *11)
Jan 31 12:41:31 cu-cs-vm kernel: [    0.128431] SCSI subsystem initialized
Jan 31 12:41:31 cu-cs-vm kernel: [    0.128796] libata version 3.00 loaded.
Jan 31 12:41:31 cu-cs-vm systemd[1]: Starting Set console font and keymap...
Jan 31 12:41:31 cu-cs-vm systemd[1]: Starting Tell Plymouth To Write Out Runtime Data...
Jan 31 12:41:31 cu-cs-vm systemd[1]: Starting Enable support for additional executable binary formats...
Jan 31 12:41:31 cu-cs-vm systemd[1]: Started Load/Save Random Seed.
Jan 31 12:41:31 cu-cs-vm systemd[1]: Started Tell Plymouth To Write Out Runtime Data.
Jan 31 12:41:31 cu-cs-vm systemd[1]: Started Flush Journal to Persistent Storage.
Jan 31 12:41:31 cu-cs-vm kernel: [    0.128796] pci 0000:00:02.0: vgaarb: setting as boot VGA device
Jan 31 12:41:31 cu-cs-vm kernel: [    0.128796] pci 0000:00:02.0: vgaarb: VGA device added: decodes=io+mem,owns=io+mem,locks=none
Jan 31 12:41:31 cu-cs-vm kernel: [    0.129349] pci 0000:00:02.0: vgaarb: bridge control possible
Jan 31 12:41:31 cu-cs-vm kernel: [    0.130113] vgaarb: loaded
Jan 31 12:41:31 cu-cs-vm kernel: [    0.130524] ACPI: bus type USB registered
Jan 31 12:41:31 cu-cs-vm systemd[1]: Starting Create Volatile Files and Directories...
Jan 31 12:41:31 cu-cs-vm systemd-tmpfiles[396]: [/usr/lib/tmpfiles.d/var.conf:14] Duplicate line for path "/var/log", ignoring.
Jan 31 12:41:31 cu-cs-vm systemd[1]: Started Create Volatile Files and Directories.
Jan 31 12:41:31 cu-cs-vm systemd[1]: proc-sys-fs-binfmt_misc.automount: Got automount request for /proc/sys/fs/binfmt_misc, triggered by 368 (update-binfmts)
Jan 31 12:41:31 cu-cs-vm systemd[1]: Mounting Arbitrary Executable File Formats File System...
Jan 31 12:41:31 cu-cs-vm kernel: [    0.130892] usbcore: registered new interface driver usbfs
Jan 31 12:41:31 cu-cs-vm kernel: [    0.131282] usbcore: registered new interface driver hub
Jan 31 12:41:31 cu-cs-vm systemd[1]: Starting Network Time Synchronization...
Jan 31 12:41:31 cu-cs-vm systemd[1]: Starting Update UTMP about System Boot/Shutdown...
Jan 31 12:41:31 cu-cs-vm systemd[1]: Started udev Coldplug all Devices.
Jan 31 12:41:31 cu-cs-vm apparmor[364]:  * Starting AppArmor profiles
Jan 31 12:41:31 cu-cs-vm systemd[1]: Started Dispatch Password Requests to Console Directory Watch.
Jan 31 12:41:31 cu-cs-vm systemd[1]: Started Update UTMP about System Boot/Shutdown.
Jan 31 12:41:31 cu-cs-vm systemd[1]: Started Network Time Synchronization.
Jan 31 12:41:31 cu-cs-vm systemd[1]: Reached target System Time Synchronized.
Jan 31 12:41:31 cu-cs-vm systemd[1]: Mounted Arbitrary Executable File Formats File System.
Jan 31 12:41:31 cu-cs-vm systemd[1]: Started Enable support for additional executable binary formats.
Jan 31 12:41:31 cu-cs-vm apparmor[364]: Skipping profile in /etc/apparmor.d/disable: usr.bin.firefox
Jan 31 12:41:31 cu-cs-vm apparmor[364]: Skipping profile in /etc/apparmor.d/disable: usr.sbin.rsyslogd
Jan 31 12:41:31 cu-cs-vm apparmor[364]:    ...done.
Jan 31 12:41:31 cu-cs-vm systemd[1]: Started LSB: AppArmor initialization.
Jan 31 12:41:31 cu-cs-vm systemd[1]: Starting Raise network interfaces...
Jan 31 12:41:31 cu-cs-vm systemd[1]: Listening on Load/Save RF Kill Switch Status /dev/rfkill Watch.
Jan 31 12:41:31 cu-cs-vm systemd[1]: Started Set console font and keymap.
Jan 31 12:41:31 cu-cs-vm systemd[1]: Created slice system-getty.slice.
Jan 31 12:41:31 cu-cs-vm systemd[1]: Started Raise network interfaces.
Jan 31 12:41:31 cu-cs-vm systemd[1]: Found device HARDDISK 5.
Jan 31 12:41:31 cu-cs-vm systemd[1]: Activating swap /dev/disk/by-uuid/4f6f25d8-6004-459b-b46c-f0f3c3d0de9b...
Jan 31 12:41:31 cu-cs-vm systemd[1]: Activated swap /dev/disk/by-uuid/4f6f25d8-6004-459b-b46c-f0f3c3d0de9b.
Jan 31 12:41:31 cu-cs-vm systemd[1]: Reached target Swap.
Jan 31 12:41:31 cu-cs-vm systemd[1]: Reached target System Initialization.
Jan 31 12:41:31 cu-cs-vm systemd[1]: Listening on CUPS Scheduler.
Jan 31 12:41:31 cu-cs-vm kernel: [    0.131669] usbcore: registered new device driver usb
Jan 31 12:41:31 cu-cs-vm kernel: [    0.132071] EDAC MC: Ver: 3.0.0
Jan 31 12:41:31 cu-cs-vm systemd[1]: Listening on ACPID Listen Socket.
Jan 31 12:41:31 cu-cs-vm kernel: [    0.132580] PCI: Using ACPI for IRQ routing
Jan 31 12:41:31 cu-cs-vm kernel: [    0.132580] PCI: pci_cache_line_size set to 64 bytes
Jan 31 12:41:31 cu-cs-vm systemd[1]: Listening on UUID daemon activation socket.
Jan 31 12:41:31 cu-cs-vm kernel: [    0.132580] e820: reserve RAM buffer [mem 0x0009fc00-0x0009ffff]
Jan 31 12:41:31 cu-cs-vm kernel: [    0.132583] e820: reserve RAM buffer [mem 0x7fff0000-0x7fffffff]
Jan 31 12:41:31 cu-cs-vm kernel: [    0.132690] NetLabel: Initializing
Jan 31 12:41:31 cu-cs-vm systemd[1]: Starting Socket activation for snappy daemon.
Jan 31 12:41:31 cu-cs-vm kernel: [    0.132973] NetLabel:  domain hash size = 128
Jan 31 12:41:31 cu-cs-vm kernel: [    0.133322] NetLabel:  protocols = UNLABELED CIPSOv4 CALIPSO
Jan 31 12:41:31 cu-cs-vm kernel: [    0.133713] NetLabel:  unlabeled traffic allowed by default
Jan 31 12:41:31 cu-cs-vm systemd[1]: Listening on D-Bus System Message Bus Socket.
Jan 31 12:41:31 cu-cs-vm kernel: [    0.136406] clocksource: Switched to clocksource kvm-clock
Jan 31 12:41:31 cu-cs-vm kernel: [    0.148645] VFS: Disk quotas dquot_6.6.0
Jan 31 12:41:31 cu-cs-vm kernel: [    0.148993] VFS: Dquot-cache hash table entries: 512 (order 0, 4096 bytes)
Jan 31 12:41:31 cu-cs-vm systemd[1]: Listening on Avahi mDNS/DNS-SD Stack Activation Socket.
Jan 31 12:41:31 cu-cs-vm kernel: [    0.149548] AppArmor: AppArmor Filesystem Enabled
Jan 31 12:41:31 cu-cs-vm kernel: [    0.149940] pnp: PnP ACPI init
Jan 31 12:41:31 cu-cs-vm kernel: [    0.150290] pnp 00:00: Plug and Play ACPI device, IDs PNP0303 (active)
Jan 31 12:41:31 cu-cs-vm systemd[1]: Started Daily apt download activities.
Jan 31 12:41:31 cu-cs-vm kernel: [    0.150371] pnp 00:01: Plug and Play ACPI device, IDs PNP0f03 (active)
Jan 31 12:41:31 cu-cs-vm kernel: [    0.151421] pnp: PnP ACPI: found 2 devices
Jan 31 12:41:31 cu-cs-vm kernel: [    0.161692] clocksource: acpi_pm: mask: 0xffffff max_cycles: 0xffffff, max_idle_ns: 2085701024 ns
Jan 31 12:41:31 cu-cs-vm kernel: [    0.162398] pci_bus 0000:00: resource 4 [io  0x0000-0x0cf7 window]
Jan 31 12:41:31 cu-cs-vm systemd[1]: Started Daily Cleanup of Temporary Directories.
Jan 31 12:41:31 cu-cs-vm kernel: [    0.162400] pci_bus 0000:00: resource 5 [io  0x0d00-0xffff window]
Jan 31 12:41:31 cu-cs-vm kernel: [    0.162402] pci_bus 0000:00: resource 6 [mem 0x000a0000-0x000bffff window]
Jan 31 12:41:31 cu-cs-vm systemd[1]: Started CUPS Scheduler.
Jan 31 12:41:31 cu-cs-vm kernel: [    0.162403] pci_bus 0000:00: resource 7 [mem 0x80000000-0xfdffffff window]
Jan 31 12:41:31 cu-cs-vm kernel: [    0.162474] NET: Registered protocol family 2
Jan 31 12:41:31 cu-cs-vm kernel: [    0.163783] TCP established hash table entries: 16384 (order: 5, 131072 bytes)
Jan 31 12:41:31 cu-cs-vm kernel: [    0.164481] TCP bind hash table entries: 16384 (order: 6, 262144 bytes)
Jan 31 12:41:31 cu-cs-vm kernel: [    0.164932] TCP: Hash tables configured (established 16384 bind 16384)
Jan 31 12:41:31 cu-cs-vm systemd[1]: Started ACPI Events Check.
Jan 31 12:41:31 cu-cs-vm kernel: [    0.165373] UDP hash table entries: 1024 (order: 3, 32768 bytes)
Jan 31 12:41:31 cu-cs-vm kernel: [    0.165796] UDP-Lite hash table entries: 1024 (order: 3, 32768 bytes)
Jan 31 12:41:31 cu-cs-vm systemd[1]: Reached target Paths.
Jan 31 12:41:31 cu-cs-vm kernel: [    0.166245] NET: Registered protocol family 1
Jan 31 12:41:31 cu-cs-vm kernel: [    0.166580] pci 0000:00:00.0: Limiting direct PCI/PCI transfers
Jan 31 12:41:31 cu-cs-vm kernel: [    0.167001] pci 0000:00:01.0: Activating ISA DMA hang workarounds
Jan 31 12:41:31 cu-cs-vm kernel: [    0.167445] pci 0000:00:02.0: Video device with shadowed ROM at [mem 0x000c0000-0x000dffff]
Jan 31 12:41:31 cu-cs-vm kernel: [    0.170372] PCI: CLS 0 bytes, default 64
Jan 31 12:41:31 cu-cs-vm kernel: [    0.170412] Unpacking initramfs...
Jan 31 12:41:31 cu-cs-vm kernel: [    0.855917] Freeing initrd memory: 53400K
Jan 31 12:41:31 cu-cs-vm kernel: [    0.856434] platform rtc_cmos: registered platform RTC device (no PNP device found)
Jan 31 12:41:31 cu-cs-vm kernel: [    0.857025] Scanning for low memory corruption every 60 seconds
Jan 31 12:41:31 cu-cs-vm kernel: [    0.858150] Initialise system trusted keyrings
Jan 31 12:41:31 cu-cs-vm systemd[1]: Started Daily apt upgrade and clean activities.
Jan 31 12:41:31 cu-cs-vm systemd[1]: Reached target Timers.
Jan 31 12:41:31 cu-cs-vm systemd[1]: Listening on Socket activation for snappy daemon.
Jan 31 12:41:31 cu-cs-vm systemd[1]: Reached target Sockets.
Jan 31 12:41:31 cu-cs-vm systemd[1]: Reached target Basic System.
Jan 31 12:41:31 cu-cs-vm kernel: [    0.858491] Key type blacklist registered
Jan 31 12:41:31 cu-cs-vm kernel: [    0.858867] workingset: timestamp_bits=36 max_order=19 bucket_order=0
Jan 31 12:41:31 cu-cs-vm kernel: [    0.860497] zbud: loaded
Jan 31 12:41:31 cu-cs-vm kernel: [    0.861237] squashfs: version 4.0 (2009/01/31) Phillip Lougher
Jan 31 12:41:31 cu-cs-vm kernel: [    0.861881] fuse init (API version 7.26)
Jan 31 12:41:31 cu-cs-vm kernel: [    0.866804] Key type asymmetric registered
Jan 31 12:41:31 cu-cs-vm systemd[1]: Started Run anacron jobs.
Jan 31 12:41:31 cu-cs-vm systemd[1]: Starting LSB: Execute the kexec -e command to reboot system...
Jan 31 12:41:31 cu-cs-vm anacron[728]: Anacron 2.3 started on 2020-01-31
Jan 31 12:41:31 cu-cs-vm systemd[1]: Starting LSB: Speech Dispatcher...
Jan 31 12:41:31 cu-cs-vm kernel: [    0.867130] Asymmetric key parser 'x509' registered
Jan 31 12:41:31 cu-cs-vm kernel: [    0.867526] Block layer SCSI generic (bsg) driver version 0.4 loaded (major 246)
Jan 31 12:41:31 cu-cs-vm kernel: [    0.868166] io scheduler noop registered
Jan 31 12:41:31 cu-cs-vm kernel: [    0.868488] io scheduler deadline registered
Jan 31 12:41:31 cu-cs-vm anacron[728]: Will run job `cron.weekly' in 10 min.
Jan 31 12:41:31 cu-cs-vm kernel: [    0.868851] io scheduler cfq registered (default)
Jan 31 12:41:31 cu-cs-vm kernel: [    0.869363] intel_idle: Please enable MWAIT in BIOS SETUP
Jan 31 12:41:31 cu-cs-vm anacron[728]: Will run job `cron.monthly' in 15 min.
Jan 31 12:41:31 cu-cs-vm kernel: [    0.869486] ACPI: AC Adapter [AC] (on-line)
Jan 31 12:41:31 cu-cs-vm kernel: [    0.869851] input: Power Button as /devices/LNXSYSTM:00/LNXPWRBN:00/input/input0
Jan 31 12:41:31 cu-cs-vm kernel: [    0.870445] ACPI: Power Button [PWRF]
Jan 31 12:41:31 cu-cs-vm kernel: [    0.870814] input: Sleep Button as /devices/LNXSYSTM:00/LNXSLPBN:00/input/input1
Jan 31 12:41:31 cu-cs-vm anacron[728]: Jobs will be executed sequentially
Jan 31 12:41:31 cu-cs-vm kernel: [    0.871366] ACPI: Sleep Button [SLPF]
Jan 31 12:41:31 cu-cs-vm kernel: [    0.873313] ACPI: Battery Slot [BAT0] (battery present)
Jan 31 12:41:31 cu-cs-vm systemd[1]: Started ACPI event daemon.
Jan 31 12:41:31 cu-cs-vm kernel: [    0.873832] Serial: 8250/16550 driver, 32 ports, IRQ sharing enabled
Jan 31 12:41:31 cu-cs-vm kernel: [    0.877532] Linux agpgart interface v0.103
Jan 31 12:41:31 cu-cs-vm kernel: [    0.879531] loop: module loaded
Jan 31 12:41:31 cu-cs-vm kernel: [    0.880079] libphy: Fixed MDIO Bus: probed
Jan 31 12:41:31 cu-cs-vm kernel: [    0.880514] tun: Universal TUN/TAP device driver, 1.6
Jan 31 12:41:31 cu-cs-vm systemd[1]: Starting Detect the available GPUs and deal with any system changes...
Jan 31 12:41:31 cu-cs-vm kernel: [    0.881141] PPP generic driver version 2.4.2
Jan 31 12:41:31 cu-cs-vm kernel: [    0.881616] ehci_hcd: USB 2.0 'Enhanced' Host Controller (EHCI) Driver
Jan 31 12:41:31 cu-cs-vm systemd[1]: Started Regular background program processing daemon.
Jan 31 12:41:31 cu-cs-vm kernel: [    0.882058] ehci-pci: EHCI PCI platform driver
Jan 31 12:41:31 cu-cs-vm kernel: [    0.882398] ehci-platform: EHCI generic platform driver
Jan 31 12:41:31 cu-cs-vm kernel: [    0.882761] ohci_hcd: USB 1.1 'Open' Host Controller (OHCI) Driver
Jan 31 12:41:31 cu-cs-vm kernel: [    0.883191] ohci-pci: OHCI PCI platform driver
Jan 31 12:41:31 cu-cs-vm systemd[1]: Starting LSB: daemon to balance interrupts for SMP systems...
Jan 31 12:41:31 cu-cs-vm kernel: [    0.884591] ohci-pci 0000:00:06.0: OHCI PCI host controller
Jan 31 12:41:31 cu-cs-vm kernel: [    0.884988] ohci-pci 0000:00:06.0: new USB bus registered, assigned bus number 1
Jan 31 12:41:31 cu-cs-vm kernel: [    0.885613] ohci-pci 0000:00:06.0: irq 22, io mem 0xf0404000
Jan 31 12:41:31 cu-cs-vm systemd[1]: Starting Permit User Sessions...
Jan 31 12:41:31 cu-cs-vm kernel: [    0.944490] usb usb1: New USB device found, idVendor=1d6b, idProduct=0001
Jan 31 12:41:31 cu-cs-vm kernel: [    0.944937] usb usb1: New USB device strings: Mfr=3, Product=2, SerialNumber=1
Jan 31 12:41:31 cu-cs-vm kernel: [    0.945471] usb usb1: Product: OHCI PCI host controller
Jan 31 12:41:31 cu-cs-vm kernel: [    0.945828] usb usb1: Manufacturer: Linux 4.15.0-33-generic ohci_hcd
Jan 31 12:41:31 cu-cs-vm kernel: [    0.946235] usb usb1: SerialNumber: 0000:00:06.0
Jan 31 12:41:31 cu-cs-vm systemd[1]: Starting Thermal Daemon Service...
Jan 31 12:41:31 cu-cs-vm kernel: [    0.947031] hub 1-0:1.0: USB hub found
Jan 31 12:41:31 cu-cs-vm kernel: [    0.947416] hub 1-0:1.0: 12 ports detected
Jan 31 12:41:31 cu-cs-vm kernel: [    0.948375] ohci-platform: OHCI generic platform driver
Jan 31 12:41:31 cu-cs-vm kernel: [    0.948766] uhci_hcd: USB Universal Host Controller Interface driver
Jan 31 12:41:31 cu-cs-vm systemd[1]: Starting Initialize hardware monitoring sensors...
Jan 31 12:41:31 cu-cs-vm kernel: [    0.949231] i8042: PNP: PS/2 Controller [PNP0303:PS2K,PNP0f03:PS2M] at 0x60,0x64 irq 1,12
Jan 31 12:41:31 cu-cs-vm kernel: [    0.950463] serio: i8042 KBD port at 0x60,0x64 irq 1
Jan 31 12:41:31 cu-cs-vm kernel: [    0.950857] serio: i8042 AUX port at 0x60,0x64 irq 12
Jan 31 12:41:31 cu-cs-vm systemd[1]: Starting LSB: Record successful boot for GRUB...
Jan 31 12:41:31 cu-cs-vm kernel: [    0.951588] mousedev: PS/2 mouse device common for all mice
Jan 31 12:41:31 cu-cs-vm kernel: [    0.952511] input: AT Translated Set 2 keyboard as /devices/platform/i8042/serio0/input/input2
Jan 31 12:41:31 cu-cs-vm kernel: [    0.953864] rtc_cmos rtc_cmos: rtc core: registered rtc_cmos as rtc0
Jan 31 12:41:31 cu-cs-vm systemd[1]: Starting LSB: Set the CPU Frequency Scaling governor to "ondemand"...
Jan 31 12:41:31 cu-cs-vm kernel: [    0.954350] rtc_cmos rtc_cmos: alarms up to one day, 114 bytes nvram
Jan 31 12:41:31 cu-cs-vm kernel: [    0.954779] i2c /dev entries driver
Jan 31 12:41:31 cu-cs-vm kernel: [    0.955122] device-mapper: uevent: version 1.0.3
Jan 31 12:41:31 cu-cs-vm cron[737]: (CRON) INFO (pidfile fd = 3)
Jan 31 12:41:31 cu-cs-vm kernel: [    0.955654] device-mapper: ioctl: 4.37.0-ioctl (2017-09-20) initialised: dm-devel@redhat.com
Jan 31 12:41:31 cu-cs-vm kernel: [    0.956405] ledtrig-cpu: registered to indicate activity on CPUs
Jan 31 12:41:31 cu-cs-vm kernel: [    0.957746] NET: Registered protocol family 10
Jan 31 12:41:31 cu-cs-vm systemd[1]: Started uptime record daemon.
Jan 31 12:41:31 cu-cs-vm kernel: [    0.963181] Segment Routing with IPv6
Jan 31 12:41:31 cu-cs-vm kernel: [    0.963688] NET: Registered protocol family 17
Jan 31 12:41:31 cu-cs-vm kernel: [    0.964298] Key type dns_resolver registered
Jan 31 12:41:31 cu-cs-vm kernel: [    0.965033] RAS: Correctable Errors collector initialized.
Jan 31 12:41:31 cu-cs-vm kernel: [    0.965432] sched_clock: Marking stable (964995691, 0)->(1190378850, -225383159)
Jan 31 12:41:31 cu-cs-vm systemd[1]: Starting Restore /etc/resolv.conf if the system crashed before the ppp link was shut down...
Jan 31 12:41:31 cu-cs-vm kernel: [    0.966603] registered taskstats version 1
Jan 31 12:41:31 cu-cs-vm kernel: [    0.966935] Loading compiled-in X.509 certificates
Jan 31 12:41:31 cu-cs-vm kernel: [    0.970865] Loaded X.509 cert 'Build time autogenerated kernel key: d918b280ed158d77154089242222928ec1ab43e6'
Jan 31 12:41:31 cu-cs-vm systemd[1]: Starting Login Service...
Jan 31 12:41:31 cu-cs-vm kernel: [    0.971652] zswap: loaded using pool lzo/zbud
Jan 31 12:41:31 cu-cs-vm kernel: [    0.976665] Key type big_key registered
Jan 31 12:41:31 cu-cs-vm kernel: [    0.976979] Key type trusted registered
Jan 31 12:41:31 cu-cs-vm systemd[1]: Starting System Logging Service...
Jan 31 12:41:31 cu-cs-vm kernel: [    0.979428] Key type encrypted registered
Jan 31 12:41:31 cu-cs-vm kernel: [    0.979803] AppArmor: AppArmor sha1 policy hashing enabled
Jan 31 12:41:31 cu-cs-vm kernel: [    0.980562] ima: No TPM chip found, activating TPM-bypass! (rc=-19)
Jan 31 12:41:31 cu-cs-vm systemd[1]: Starting Accounts Service...
Jan 31 12:41:31 cu-cs-vm kernel: [    0.981302] evm: HMAC attrs: 0x1
Jan 31 12:41:31 cu-cs-vm kernel: [    0.982095]   Magic number: 4:448:699
Jan 31 12:41:31 cu-cs-vm kernel: [    0.982517] rtc_cmos rtc_cmos: setting system clock to 2020-01-31 19:41:16 UTC (1580499676)
Jan 31 12:41:31 cu-cs-vm systemd[1]: Started D-Bus System Message Bus.
Jan 31 12:41:31 cu-cs-vm kernel: [    0.983412] BIOS EDD facility v0.16 2004-Jun-25, 0 devices found
Jan 31 12:41:31 cu-cs-vm kernel: [    0.983806] EDD information not available.
Jan 31 12:41:31 cu-cs-vm kernel: [    0.986632] Freeing unused kernel memory: 2404K
Jan 31 12:41:31 cu-cs-vm kernel: [    1.001102] Write protecting the kernel read-only data: 20480k
Jan 31 12:41:31 cu-cs-vm kernel: [    1.002618] Freeing unused kernel memory: 2008K
Jan 31 12:41:31 cu-cs-vm acpid: starting up with netlink and the input layer
Jan 31 12:41:31 cu-cs-vm kernel: [    1.007096] Freeing unused kernel memory: 1892K
Jan 31 12:41:31 cu-cs-vm kernel: [    1.017218] x86/mm: Checked W+X mappings: passed, no W+X pages found.
Jan 31 12:41:31 cu-cs-vm cron[737]: (CRON) INFO (Running @reboot jobs)
Jan 31 12:41:31 cu-cs-vm kernel: [    1.017638] x86/mm: Checking user space page tables
Jan 31 12:41:31 cu-cs-vm kernel: [    1.027526] x86/mm: Checked W+X mappings: passed, no W+X pages found.
Jan 31 12:41:31 cu-cs-vm kernel: [    1.042291] random: systemd-udevd: uninitialized urandom read (16 bytes read)
Jan 31 12:41:31 cu-cs-vm kernel: [    1.043123] random: systemd-udevd: uninitialized urandom read (16 bytes read)
Jan 31 12:41:31 cu-cs-vm acpid: 9 rules loaded
Jan 31 12:41:31 cu-cs-vm kernel: [    1.043656] random: systemd-udevd: uninitialized urandom read (16 bytes read)
Jan 31 12:41:31 cu-cs-vm kernel: [    1.102687] ACPI: Video Device [GFX0] (multi-head: yes  rom: no  post: no)
Jan 31 12:41:31 cu-cs-vm acpid: waiting for events: event logging is off
Jan 31 12:41:31 cu-cs-vm kernel: [    1.103214] input: Video Bus as /devices/LNXSYSTM:00/LNXSYBUS:00/PNP0A03:00/LNXVIDEO:00/input/input4
Jan 31 12:41:31 cu-cs-vm kernel: [    1.137819] ahci 0000:00:0d.0: version 3.0
Jan 31 12:41:31 cu-cs-vm kernel: [    1.138997] ahci 0000:00:0d.0: SSS flag set, parallel bus scan disabled
Jan 31 12:41:31 cu-cs-vm gpu-manager[736]: /etc/modprobe.d is not a file
Jan 31 12:41:31 cu-cs-vm sensors[745]: No sensors found!
Jan 31 12:41:31 cu-cs-vm sensors[745]: Make sure you loaded all the kernel drivers you need.
Jan 31 12:41:31 cu-cs-vm sensors[745]: Try sensors-detect to find out which these are.
Jan 31 12:41:31 cu-cs-vm gpu-manager[736]: /etc/modprobe.d is not a file
Jan 31 12:41:31 cu-cs-vm gpu-manager[736]: message repeated 3 times: [ /etc/modprobe.d is not a file]
Jan 31 12:41:31 cu-cs-vm dbus[763]: [system] AppArmor D-Bus mediation is enabled
Jan 31 12:41:31 cu-cs-vm dbus[763]: [system] Successfully activated service 'org.freedesktop.systemd1'
Jan 31 12:41:31 cu-cs-vm systemd[1]: Starting Network Manager...
Jan 31 12:41:31 cu-cs-vm gpu-manager[736]: Error: can't open /lib/modules/4.15.0-33-generic/updates/dkms
Jan 31 12:41:31 cu-cs-vm gpu-manager[736]: Error: can't open /lib/modules/4.15.0-33-generic/updates/dkms
Jan 31 12:41:31 cu-cs-vm systemd[1]: Starting Avahi mDNS/DNS-SD Stack...
Jan 31 12:41:31 cu-cs-vm systemd[1]: Started CUPS Scheduler.
Jan 31 12:41:31 cu-cs-vm systemd[1]: Starting LSB: automatic crash report generation...
Jan 31 12:41:31 cu-cs-vm systemd[1]: Starting Snappy daemon...
Jan 31 12:41:31 cu-cs-vm systemd[1]: Started System Logging Service.
Jan 31 12:41:31 cu-cs-vm systemd[1]: Started Permit User Sessions.
Jan 31 12:41:31 cu-cs-vm systemd[1]: Started Restore /etc/resolv.conf if the system crashed before the ppp link was shut down.
Jan 31 12:41:31 cu-cs-vm sensors[785]: No sensors found!
Jan 31 12:41:31 cu-cs-vm kernel: [    1.140972] ahci 0000:00:0d.0: AHCI 0001.0100 32 slots 30 ports 3 Gbps 0x3fffffff impl SATA mode
Jan 31 12:41:31 cu-cs-vm sensors[785]: Make sure you loaded all the kernel drivers you need.
Jan 31 12:41:31 cu-cs-vm kernel: [    1.141684] ahci 0000:00:0d.0: flags: 64bit ncq stag only ccc 
Jan 31 12:41:31 cu-cs-vm kernel: [    1.143054] e1000: Intel(R) PRO/1000 Network Driver - version 7.3.21-k8-NAPI
Jan 31 12:41:31 cu-cs-vm kernel: [    1.143503] e1000: Copyright (c) 1999-2006 Intel Corporation.
Jan 31 12:41:31 cu-cs-vm kernel: [    1.145507] Fusion MPT base driver 3.04.20
Jan 31 12:41:31 cu-cs-vm sensors[785]: Try sensors-detect to find out which these are.
Jan 31 12:41:31 cu-cs-vm kernel: [    1.145840] Copyright (c) 1999-2008 LSI Corporation
Jan 31 12:41:31 cu-cs-vm kernel: [    1.157268] Fusion MPT SPI Host driver 3.04.20
Jan 31 12:41:31 cu-cs-vm systemd[1]: Started Initialize hardware monitoring sensors.
Jan 31 12:41:31 cu-cs-vm kernel: [    1.158999] scsi host0: ahci
Jan 31 12:41:31 cu-cs-vm kernel: [    1.159434] scsi host1: ahci
Jan 31 12:41:31 cu-cs-vm kernel: [    1.159838] scsi host2: ahci
Jan 31 12:41:31 cu-cs-vm kernel: [    1.160178] scsi host3: ahci
Jan 31 12:41:31 cu-cs-vm kernel: [    1.160559] scsi host4: ahci
Jan 31 12:41:31 cu-cs-vm kernel: [    1.160891] scsi host5: ahci
Jan 31 12:41:31 cu-cs-vm kernel: [    1.161222] scsi host6: ahci
Jan 31 12:41:31 cu-cs-vm kernel: [    1.161646] scsi host7: ahci
Jan 31 12:41:31 cu-cs-vm kernel: [    1.162068] scsi host8: ahci
Jan 31 12:41:31 cu-cs-vm kernel: [    1.162406] scsi host9: ahci
Jan 31 12:41:31 cu-cs-vm kernel: [    1.162742] scsi host10: ahci
Jan 31 12:41:31 cu-cs-vm kernel: [    1.163075] scsi host11: ahci
Jan 31 12:41:31 cu-cs-vm kernel: [    1.163550] scsi host12: ahci
Jan 31 12:41:31 cu-cs-vm kernel: [    1.164073] scsi host13: ahci
Jan 31 12:41:31 cu-cs-vm kernel: [    1.164609] scsi host14: ahci
Jan 31 12:41:31 cu-cs-vm kernel: [    1.165243] scsi host15: ahci
Jan 31 12:41:31 cu-cs-vm kernel: [    1.165772] scsi host16: ahci
Jan 31 12:41:31 cu-cs-vm kernel: [    1.166252] scsi host17: ahci
Jan 31 12:41:31 cu-cs-vm kernel: [    1.166735] scsi host18: ahci
Jan 31 12:41:31 cu-cs-vm kernel: [    1.167232] scsi host19: ahci
Jan 31 12:41:31 cu-cs-vm kernel: [    1.167718] scsi host20: ahci
Jan 31 12:41:31 cu-cs-vm kernel: [    1.168298] scsi host21: ahci
Jan 31 12:41:31 cu-cs-vm kernel: [    1.168985] scsi host22: ahci
Jan 31 12:41:31 cu-cs-vm kernel: [    1.169623] scsi host23: ahci
Jan 31 12:41:31 cu-cs-vm kernel: [    1.170276] scsi host24: ahci
Jan 31 12:41:31 cu-cs-vm kernel: [    1.170828] scsi host25: ahci
Jan 31 12:41:31 cu-cs-vm kernel: [    1.171272] scsi host26: ahci
Jan 31 12:41:31 cu-cs-vm kernel: [    1.171801] scsi host27: ahci
Jan 31 12:41:31 cu-cs-vm kernel: [    1.172300] scsi host28: ahci
Jan 31 12:41:31 cu-cs-vm kernel: [    1.172835] scsi host29: ahci
Jan 31 12:41:31 cu-cs-vm kernel: [    1.173166] ata1: SATA max UDMA/133 abar m8192@0xf0406000 port 0xf0406100 irq 21
Jan 31 12:41:31 cu-cs-vm kernel: [    1.174955] ata2: SATA max UDMA/133 abar m8192@0xf0406000 port 0xf0406180 irq 21
Jan 31 12:41:31 cu-cs-vm kernel: [    1.175520] ata3: SATA max UDMA/133 abar m8192@0xf0406000 port 0xf0406200 irq 21
Jan 31 12:41:31 cu-cs-vm kernel: [    1.176065] ata4: SATA max UDMA/133 abar m8192@0xf0406000 port 0xf0406280 irq 21
Jan 31 12:41:31 cu-cs-vm kernel: [    1.176762] ata5: SATA max UDMA/133 abar m8192@0xf0406000 port 0xf0406300 irq 21
Jan 31 12:41:31 cu-cs-vm kernel: [    1.177335] ata6: SATA max UDMA/133 abar m8192@0xf0406000 port 0xf0406380 irq 21
Jan 31 12:41:31 cu-cs-vm kernel: [    1.177878] ata7: SATA max UDMA/133 abar m8192@0xf0406000 port 0xf0406400 irq 21
Jan 31 12:41:31 cu-cs-vm kernel: [    1.178439] ata8: SATA max UDMA/133 abar m8192@0xf0406000 port 0xf0406480 irq 21
Jan 31 12:41:31 cu-cs-vm kernel: [    1.178980] ata9: SATA max UDMA/133 abar m8192@0xf0406000 port 0xf0406500 irq 21
Jan 31 12:41:31 cu-cs-vm kernel: [    1.179545] ata10: SATA max UDMA/133 abar m8192@0xf0406000 port 0xf0406580 irq 21
Jan 31 12:41:31 cu-cs-vm kernel: [    1.180279] ata11: SATA max UDMA/133 abar m8192@0xf0406000 port 0xf0406600 irq 21
Jan 31 12:41:31 cu-cs-vm kernel: [    1.180950] ata12: SATA max UDMA/133 abar m8192@0xf0406000 port 0xf0406680 irq 21
Jan 31 12:41:31 cu-cs-vm kernel: [    1.181723] ata13: SATA max UDMA/133 abar m8192@0xf0406000 port 0xf0406700 irq 21
Jan 31 12:41:31 cu-cs-vm kernel: [    1.182276] ata14: SATA max UDMA/133 abar m8192@0xf0406000 port 0xf0406780 irq 21
Jan 31 12:41:31 cu-cs-vm kernel: [    1.182821] ata15: SATA max UDMA/133 abar m8192@0xf0406000 port 0xf0406800 irq 21
Jan 31 12:41:31 cu-cs-vm kernel: [    1.183458] ata16: SATA max UDMA/133 abar m8192@0xf0406000 port 0xf0406880 irq 21
Jan 31 12:41:31 cu-cs-vm kernel: [    1.184008] ata17: SATA max UDMA/133 abar m8192@0xf0406000 port 0xf0406900 irq 21
Jan 31 12:41:31 cu-cs-vm kernel: [    1.184557] ata18: SATA max UDMA/133 abar m8192@0xf0406000 port 0xf0406980 irq 21
Jan 31 12:41:31 cu-cs-vm kernel: [    1.185163] ata19: SATA max UDMA/133 abar m8192@0xf0406000 port 0xf0406a00 irq 21
Jan 31 12:41:31 cu-cs-vm kernel: [    1.185708] ata20: SATA max UDMA/133 abar m8192@0xf0406000 port 0xf0406a80 irq 21
Jan 31 12:41:31 cu-cs-vm kernel: [    1.186257] ata21: SATA max UDMA/133 abar m8192@0xf0406000 port 0xf0406b00 irq 21
Jan 31 12:41:31 cu-cs-vm kernel: [    1.186805] ata22: SATA max UDMA/133 abar m8192@0xf0406000 port 0xf0406b80 irq 21
Jan 31 12:41:31 cu-cs-vm kernel: [    1.187379] ata23: SATA max UDMA/133 abar m8192@0xf0406000 port 0xf0406c00 irq 21
Jan 31 12:41:31 cu-cs-vm kernel: [    1.187926] ata24: SATA max UDMA/133 abar m8192@0xf0406000 port 0xf0406c80 irq 21
Jan 31 12:41:31 cu-cs-vm kernel: [    1.188477] ata25: SATA max UDMA/133 abar m8192@0xf0406000 port 0xf0406d00 irq 21
Jan 31 12:41:31 cu-cs-vm kernel: [    1.189059] ata26: SATA max UDMA/133 abar m8192@0xf0406000 port 0xf0406d80 irq 21
Jan 31 12:41:31 cu-cs-vm kernel: [    1.189603] ata27: SATA max UDMA/133 abar m8192@0xf0406000 port 0xf0406e00 irq 21
Jan 31 12:41:31 cu-cs-vm kernel: [    1.190217] ata28: SATA max UDMA/133 abar m8192@0xf0406000 port 0xf0406e80 irq 21
Jan 31 12:41:31 cu-cs-vm kernel: [    1.190776] ata29: SATA max UDMA/133 abar m8192@0xf0406000 port 0xf0406f00 irq 21
Jan 31 12:41:31 cu-cs-vm kernel: [    1.191364] ata30: SATA max UDMA/133 abar m8192@0xf0406000 port 0xf0406f80 irq 21
Jan 31 12:41:31 cu-cs-vm kernel: [    1.347284] input: ImExPS/2 Generic Explorer Mouse as /devices/platform/i8042/serio1/input/input5
Jan 31 12:41:31 cu-cs-vm kernel: [    1.508637] ata1: SATA link down (SStatus 0 SControl 300)
Jan 31 12:41:31 cu-cs-vm kernel: [    1.618509] e1000 0000:00:11.0 eth0: (PCI:33MHz:32-bit) 08:00:27:0c:55:d7
Jan 31 12:41:31 cu-cs-vm kernel: [    1.618959] e1000 0000:00:11.0 eth0: Intel(R) PRO/1000 Network Connection
Jan 31 12:41:31 cu-cs-vm kernel: [    1.620612] e1000 0000:00:11.0 enp0s17: renamed from eth0
Jan 31 12:41:31 cu-cs-vm kernel: [    1.620988] mptbase: ioc0: Initiating bringup
Jan 31 12:41:31 cu-cs-vm kernel: [    1.972728] clocksource: tsc: mask: 0xffffffffffffffff max_cycles: 0x2717880cafa, max_idle_ns: 440795252614 ns
Jan 31 12:41:31 cu-cs-vm kernel: [    1.975690] ata2: SATA link down (SStatus 0 SControl 300)
Jan 31 12:41:31 cu-cs-vm kernel: [    1.989714] ioc0: LSI53C1030 A0: Capabilities={Initiator}
Jan 31 12:41:31 cu-cs-vm kernel: [    2.288304] ata3: SATA link down (SStatus 0 SControl 300)
Jan 31 12:41:31 cu-cs-vm kernel: [    2.645985] scsi host30: ioc0: LSI53C1030 A0, FwRev=00000000h, Ports=1, MaxQ=256, IRQ=20
Jan 31 12:41:31 cu-cs-vm kernel: [    2.687520] ata4: SATA link down (SStatus 0 SControl 300)
Jan 31 12:41:31 cu-cs-vm kernel: [    2.938137] scsi 30:0:0:0: Direct-Access     VBOX     HARDDISK         1.0  PQ: 0 ANSI: 5
Jan 31 12:41:31 cu-cs-vm kernel: [    2.972803] scsi target30:0:0: Beginning Domain Validation
Jan 31 12:41:31 cu-cs-vm kernel: [    2.983961] scsi target30:0:0: Domain Validation skipping write tests
Jan 31 12:41:31 cu-cs-vm kernel: [    2.986477] scsi target30:0:0: Ending Domain Validation
Jan 31 12:41:31 cu-cs-vm kernel: [    2.988989] scsi target30:0:0: asynchronous
Jan 31 12:41:31 cu-cs-vm kernel: [    3.003341] ata5: SATA link down (SStatus 0 SControl 300)
Jan 31 12:41:31 cu-cs-vm kernel: [    3.008494] sd 30:0:0:0: Attached scsi generic sg0 type 0
Jan 31 12:41:31 cu-cs-vm kernel: [    3.010691] sd 30:0:0:0: [sda] 134217728 512-byte logical blocks: (68.7 GB/64.0 GiB)
Jan 31 12:41:31 cu-cs-vm kernel: [    3.012432] sd 30:0:0:0: [sda] Write Protect is off
Jan 31 12:41:31 cu-cs-vm kernel: [    3.013273] sd 30:0:0:0: [sda] Mode Sense: 04 00 10 00
Jan 31 12:41:31 cu-cs-vm kernel: [    3.014005] sd 30:0:0:0: [sda] Incomplete mode parameter data
Jan 31 12:41:31 cu-cs-vm kernel: [    3.014932] sd 30:0:0:0: [sda] Assuming drive cache: write through
Jan 31 12:41:31 cu-cs-vm kernel: [    3.023997]  sda: sda1 sda2 < sda5 >
Jan 31 12:41:31 cu-cs-vm kernel: [    3.026276] random: fast init done
Jan 31 12:41:31 cu-cs-vm kernel: [    3.026791] sd 30:0:0:0: [sda] Attached SCSI disk
Jan 31 12:41:31 cu-cs-vm kernel: [    3.337000] ata6: SATA link down (SStatus 0 SControl 300)
Jan 31 12:41:31 cu-cs-vm kernel: [    3.655337] ata7: SATA link down (SStatus 0 SControl 300)
Jan 31 12:41:31 cu-cs-vm kernel: [    3.968720] ata8: SATA link down (SStatus 0 SControl 300)
Jan 31 12:41:31 cu-cs-vm kernel: [    4.289396] ata9: SATA link down (SStatus 0 SControl 300)
Jan 31 12:41:31 cu-cs-vm kernel: [    4.608932] ata10: SATA link down (SStatus 0 SControl 300)
Jan 31 12:41:31 cu-cs-vm kernel: [    4.925321] ata11: SATA link down (SStatus 0 SControl 300)
Jan 31 12:41:31 cu-cs-vm kernel: [    5.244695] ata12: SATA link down (SStatus 0 SControl 300)
Jan 31 12:41:31 cu-cs-vm kernel: [    5.559069] ata13: SATA link down (SStatus 0 SControl 300)
Jan 31 12:41:31 cu-cs-vm kernel: [    5.872531] ata14: SATA link down (SStatus 0 SControl 300)
Jan 31 12:41:31 cu-cs-vm kernel: [    6.195060] ata15: SATA link down (SStatus 0 SControl 300)
Jan 31 12:41:31 cu-cs-vm kernel: [    6.613093] ata16: SATA link down (SStatus 0 SControl 300)
Jan 31 12:41:31 cu-cs-vm kernel: [    6.975334] ata17: SATA link down (SStatus 0 SControl 300)
Jan 31 12:41:31 cu-cs-vm kernel: [    7.615648] ata18: SATA link down (SStatus 0 SControl 300)
Jan 31 12:41:31 cu-cs-vm kernel: [    7.976107] ata19: SATA link down (SStatus 0 SControl 300)
Jan 31 12:41:31 cu-cs-vm kernel: [    8.936452] ata20: SATA link down (SStatus 0 SControl 300)
Jan 31 12:41:31 cu-cs-vm kernel: [    9.575290] ata21: SATA link down (SStatus 0 SControl 300)
Jan 31 12:41:31 cu-cs-vm kernel: [    9.895892] ata22: SATA link down (SStatus 0 SControl 300)
Jan 31 12:41:31 cu-cs-vm kernel: [   10.559477] ata23: SATA link down (SStatus 0 SControl 300)
Jan 31 12:41:31 cu-cs-vm kernel: [   11.061647] ata24: SATA link down (SStatus 0 SControl 300)
Jan 31 12:41:31 cu-cs-vm kernel: [   11.591583] ata25: SATA link down (SStatus 0 SControl 300)
Jan 31 12:41:31 cu-cs-vm kernel: [   12.535935] ata26: SATA link down (SStatus 0 SControl 300)
Jan 31 12:41:31 cu-cs-vm kernel: [   13.524666] ata27: SATA link down (SStatus 0 SControl 300)
Jan 31 12:41:31 cu-cs-vm kernel: [   13.883387] ata28: SATA link down (SStatus 0 SControl 300)
Jan 31 12:41:31 cu-cs-vm kernel: [   14.199974] ata29: SATA link down (SStatus 0 SControl 300)
Jan 31 12:41:31 cu-cs-vm kernel: [   14.513236] ata30: SATA link down (SStatus 0 SControl 300)
Jan 31 12:41:31 cu-cs-vm kernel: [   14.655277] EXT4-fs (sda1): mounted filesystem with ordered data mode. Opts: (null)
Jan 31 12:41:31 cu-cs-vm kernel: [   15.060186] lp: driver loaded but no devices found
Jan 31 12:41:31 cu-cs-vm kernel: [   15.081187] ppdev: user-space parallel port driver
Jan 31 12:41:31 cu-cs-vm kernel: [   15.258938] EXT4-fs (sda1): re-mounted. Opts: errors=remount-ro
Jan 31 12:41:31 cu-cs-vm kernel: [   15.493967] piix4_smbus 0000:00:07.0: SMBus Host Controller at 0x4100, revision 0
Jan 31 12:41:31 cu-cs-vm kernel: [   15.557245] vgdrvHeartbeatInit: Setting up heartbeat to trigger every 2000 milliseconds
Jan 31 12:41:31 cu-cs-vm kernel: [   15.557367] input: Unspecified device as /devices/pci0000:00/0000:00:04.0/input/input6
Jan 31 12:41:31 cu-cs-vm kernel: [   15.557591] vboxguest: misc device minor 55, IRQ 20, I/O port d000, MMIO at 00000000f0000000 (size 0x400000)
Jan 31 12:41:31 cu-cs-vm kernel: [   15.557592] vboxguest: Successfully loaded version 5.2.8_KernelUbuntu (interface 0x00010004)
Jan 31 12:41:31 cu-cs-vm kernel: [   15.635456] vboxvideo: module is from the staging directory, the quality is unknown, you have been warned.
Jan 31 12:41:31 cu-cs-vm kernel: [   15.635484] vboxvideo: module verification failed: signature and/or required key missing - tainting kernel
Jan 31 12:41:31 cu-cs-vm kernel: [   15.653077] [drm] VRAM 01000000
Jan 31 12:41:31 cu-cs-vm kernel: [   15.662380] [TTM] Zone  kernel: Available graphics memory: 1020562 kiB
Jan 31 12:41:31 cu-cs-vm kernel: [   15.662380] [TTM] Initializing pool allocator
Jan 31 12:41:31 cu-cs-vm kernel: [   15.662385] [TTM] Initializing DMA pool allocator
Jan 31 12:41:31 cu-cs-vm kernel: [   15.674000] audit: type=1400 audit(1580499691.188:2): apparmor="STATUS" operation="profile_load" profile="unconfined" name="/sbin/dhclient" pid=489 comm="apparmor_parser"
Jan 31 12:41:31 cu-cs-vm kernel: [   15.674003] audit: type=1400 audit(1580499691.188:3): apparmor="STATUS" operation="profile_load" profile="unconfined" name="/usr/lib/NetworkManager/nm-dhcp-client.action" pid=489 comm="apparmor_parser"
Jan 31 12:41:31 cu-cs-vm kernel: [   15.674006] audit: type=1400 audit(1580499691.188:4): apparmor="STATUS" operation="profile_load" profile="unconfined" name="/usr/lib/NetworkManager/nm-dhcp-helper" pid=489 comm="apparmor_parser"
Jan 31 12:41:31 cu-cs-vm kernel: [   15.674008] audit: type=1400 audit(1580499691.188:5): apparmor="STATUS" operation="profile_load" profile="unconfined" name="/usr/lib/connman/scripts/dhclient-script" pid=489 comm="apparmor_parser"
Jan 31 12:41:31 cu-cs-vm kernel: [   15.717260] audit: type=1400 audit(1580499691.232:6): apparmor="STATUS" operation="profile_load" profile="unconfined" name="/usr/lib/lightdm/lightdm-guest-session" pid=488 comm="apparmor_parser"
Jan 31 12:41:31 cu-cs-vm kernel: [   15.717262] audit: type=1400 audit(1580499691.232:7): apparmor="STATUS" operation="profile_load" profile="unconfined" name="/usr/lib/lightdm/lightdm-guest-session//chromium" pid=488 comm="apparmor_parser"
Jan 31 12:41:31 cu-cs-vm kernel: [   15.738927] audit: type=1400 audit(1580499691.252:8): apparmor="STATUS" operation="profile_load" profile="unconfined" name="/usr/lib/snapd/snap-confine" pid=496 comm="apparmor_parser"
Jan 31 12:41:31 cu-cs-vm kernel: [   15.738931] audit: type=1400 audit(1580499691.252:9): apparmor="STATUS" operation="profile_load" profile="unconfined" name="/usr/lib/snapd/snap-confine//mount-namespace-capture-helper" pid=496 comm="apparmor_parser"
Jan 31 12:41:31 cu-cs-vm kernel: [   15.744365] audit: type=1400 audit(1580499691.256:10): apparmor="STATUS" operation="profile_load" profile="unconfined" name="/usr/bin/evince" pid=490 comm="apparmor_parser"
Jan 31 12:41:31 cu-cs-vm kernel: [   15.744369] audit: type=1400 audit(1580499691.256:11): apparmor="STATUS" operation="profile_load" profile="unconfined" name="/usr/bin/evince//sanitized_helper" pid=490 comm="apparmor_parser"
Jan 31 12:41:31 cu-cs-vm kernel: [   15.757066] RAPL PMU: API unit is 2^-32 Joules, 5 fixed counters, 10737418240 ms ovfl timer
Jan 31 12:41:31 cu-cs-vm kernel: [   15.757067] RAPL PMU: hw unit of domain pp0-core 2^-0 Joules
Jan 31 12:41:31 cu-cs-vm kernel: [   15.757068] RAPL PMU: hw unit of domain package 2^-0 Joules
Jan 31 12:41:31 cu-cs-vm kernel: [   15.757068] RAPL PMU: hw unit of domain dram 2^-0 Joules
Jan 31 12:41:31 cu-cs-vm kernel: [   15.757069] RAPL PMU: hw unit of domain pp1-gpu 2^-0 Joules
Jan 31 12:41:31 cu-cs-vm kernel: [   15.757069] RAPL PMU: hw unit of domain psys 2^-0 Joules
Jan 31 12:41:31 cu-cs-vm kernel: [   15.760304] fbcon: vboxdrmfb (fb0) is primary device
Jan 31 12:41:31 cu-cs-vm kernel: [   15.772306] Console: switching to colour frame buffer device 100x37
Jan 31 12:41:31 cu-cs-vm kernel: [   15.777547] vboxvideo 0000:00:02.0: fb0: vboxdrmfb frame buffer device
Jan 31 12:41:31 cu-cs-vm kernel: [   15.810175] [drm] Initialized vboxvideo 1.0.0 20130823 for 0000:00:02.0 on minor 0
Jan 31 12:41:31 cu-cs-vm kernel: [   15.841423] AVX2 version of gcm_enc/dec engaged.
Jan 31 12:41:31 cu-cs-vm kernel: [   15.841425] AES CTR mode by8 optimization enabled
Jan 31 12:41:31 cu-cs-vm kernel: [   16.169521] Adding 998396k swap on /dev/sda5.  Priority:-2 extents:1 across:998396k FS
Jan 31 12:41:32 cu-cs-vm systemd[1]: Started Login Service.
Jan 31 12:41:32 cu-cs-vm avahi-daemon[778]: Found user 'avahi' (UID 111) and group 'avahi' (GID 120).
Jan 31 12:41:32 cu-cs-vm avahi-daemon[778]: Successfully dropped root privileges.
Jan 31 12:41:32 cu-cs-vm avahi-daemon[778]: avahi-daemon 0.6.32-rc starting up.
Jan 31 12:41:32 cu-cs-vm avahi-daemon[778]: Successfully called chroot().
Jan 31 12:41:32 cu-cs-vm avahi-daemon[778]: Successfully dropped remaining capabilities.
Jan 31 12:41:32 cu-cs-vm systemd[1]: Started Avahi mDNS/DNS-SD Stack.
Jan 31 12:41:32 cu-cs-vm systemd[1]: Started Make remote CUPS printers available locally.
Jan 31 12:41:32 cu-cs-vm avahi-daemon[778]: No service file found in /etc/avahi/services.
Jan 31 12:41:32 cu-cs-vm avahi-daemon[778]: Network interface enumeration completed.
Jan 31 12:41:32 cu-cs-vm avahi-daemon[778]: Server startup complete. Host name is cu-cs-vm.local. Local service cookie is 302186322.
Jan 31 12:41:32 cu-cs-vm speech-dispatcher[732]:  * speech-dispatcher disabled; edit /etc/default/speech-dispatcher
Jan 31 12:41:32 cu-cs-vm irqbalance[738]:  * Starting SMP IRQ Balancer: irqbalance
Jan 31 12:41:32 cu-cs-vm systemd[1]: Started LSB: Speech Dispatcher.
Jan 31 12:41:32 cu-cs-vm apport[780]:  * Starting automatic crash report generation: apport
Jan 31 12:41:32 cu-cs-vm systemd[1]: Started Thermal Daemon Service.
Jan 31 12:41:32 cu-cs-vm thermald[744]: NO RAPL sysfs present
Jan 31 12:41:32 cu-cs-vm thermald[744]: 22 CPUID levels; family:model:stepping 0x6:8e:9 (6:142:9)
Jan 31 12:41:32 cu-cs-vm thermald[744]: Polling mode is enabled: 4
Jan 31 12:41:32 cu-cs-vm thermald[744]: Thermal DTS: No coretemp sysfs found
Jan 31 12:41:32 cu-cs-vm kernel: [   17.258952] random: crng init done
Jan 31 12:41:32 cu-cs-vm kernel: [   17.258953] random: 7 urandom warning(s) missed due to ratelimiting
Jan 31 12:41:33 cu-cs-vm systemd[1]: Started LSB: Set the CPU Frequency Scaling governor to "ondemand".
Jan 31 12:41:33 cu-cs-vm systemd[1]: Started LSB: Execute the kexec -e command to reboot system.
Jan 31 12:41:33 cu-cs-vm systemd[1]: Starting LSB: Load kernel image with kexec...
Jan 31 12:41:33 cu-cs-vm systemd[1]: Started LSB: Load kernel image with kexec.
Jan 31 12:41:33 cu-cs-vm kernel: [   17.624589] snd_intel8x0 0000:00:05.0: intel8x0_measure_ac97_clock: measured 62876 usecs (1096 samples)
Jan 31 12:41:33 cu-cs-vm kernel: [   17.624592] snd_intel8x0 0000:00:05.0: measured clock 17431 rejected
Jan 31 12:41:33 cu-cs-vm irqbalance[738]:    ...done.
Jan 31 12:41:33 cu-cs-vm systemd[1]: Started LSB: daemon to balance interrupts for SMP systems.
Jan 31 12:41:33 cu-cs-vm gpu-manager[736]: update-alternatives: error: no alternatives for x86_64-linux-gnu_gfxcore_conf
Jan 31 12:41:33 cu-cs-vm systemd[1]: Started Detect the available GPUs and deal with any system changes.
Jan 31 12:41:33 cu-cs-vm systemd[1]: Starting Light Display Manager...
Jan 31 12:41:33 cu-cs-vm systemd[1]: Started LSB: Record successful boot for GRUB.
Jan 31 12:41:33 cu-cs-vm thermald[744]: Thermal DTS or hwmon: No Zones present Need to configure manually
Jan 31 12:41:33 cu-cs-vm thermald[744]: No thermal sensors found
Jan 31 12:41:33 cu-cs-vm thermald[744]: THD engine start failed
Jan 31 12:41:33 cu-cs-vm dbus[763]: [system] Activating via systemd: service name='org.freedesktop.PolicyKit1' unit='polkitd.service'
Jan 31 12:41:33 cu-cs-vm systemd[1]: Starting Authenticate and Authorize Users to Run Privileged Tasks...
Jan 31 12:41:33 cu-cs-vm polkitd[843]: started daemon version 0.105 using authority implementation `local' version `0.105'
Jan 31 12:41:33 cu-cs-vm dbus[763]: [system] Successfully activated service 'org.freedesktop.PolicyKit1'
Jan 31 12:41:33 cu-cs-vm systemd[1]: Started Authenticate and Authorize Users to Run Privileged Tasks.
Jan 31 12:41:33 cu-cs-vm accounts-daemon[762]: started daemon version 0.6.40
Jan 31 12:41:33 cu-cs-vm systemd[1]: Started Accounts Service.
Jan 31 12:41:33 cu-cs-vm NetworkManager[777]: <info>  [1580499693.2890] NetworkManager (version 1.2.6) is starting...
Jan 31 12:41:33 cu-cs-vm NetworkManager[777]: <info>  [1580499693.2919] Read config: /etc/NetworkManager/NetworkManager.conf (etc: default-wifi-powersave-on.conf)
Jan 31 12:41:33 cu-cs-vm NetworkManager[777]: <info>  [1580499693.3065] manager[0x26e91b0]: monitoring kernel firmware directory '/lib/firmware'.
Jan 31 12:41:33 cu-cs-vm NetworkManager[777]: <info>  [1580499693.3073] monitoring ifupdown state file '/run/network/ifstate'.
Jan 31 12:41:33 cu-cs-vm NetworkManager[777]: <info>  [1580499693.3148] dns-mgr[0x26c8960]: init: dns=dnsmasq, rc-manager=resolvconf, plugin=dnsmasq
Jan 31 12:41:33 cu-cs-vm systemd[1]: Started Network Manager.
Jan 31 12:41:33 cu-cs-vm systemd[1]: Starting Network Manager Wait Online...
Jan 31 12:41:33 cu-cs-vm systemd[1]: Reached target Network.
Jan 31 12:41:33 cu-cs-vm systemd[1]: Started Unattended Upgrades Shutdown.
Jan 31 12:41:33 cu-cs-vm snapd[784]: AppArmor status: apparmor is enabled and all features are available
Jan 31 12:41:33 cu-cs-vm systemd[1]: Starting OpenBSD Secure Shell server...
Jan 31 12:41:33 cu-cs-vm dbus[763]: [system] Activating via systemd: service name='org.freedesktop.nm_dispatcher' unit='dbus-org.freedesktop.nm-dispatcher.service'
Jan 31 12:41:33 cu-cs-vm systemd[1]: Starting Network Manager Script Dispatcher Service...
Jan 31 12:41:33 cu-cs-vm apport[780]:    ...done.
Jan 31 12:41:33 cu-cs-vm systemd[1]: Started LSB: automatic crash report generation.
Jan 31 12:41:33 cu-cs-vm dbus[763]: [system] Successfully activated service 'org.freedesktop.nm_dispatcher'
Jan 31 12:41:33 cu-cs-vm systemd[1]: Started Network Manager Script Dispatcher Service.
Jan 31 12:41:33 cu-cs-vm NetworkManager[777]: <info>  [1580499693.4382] init!
Jan 31 12:41:33 cu-cs-vm NetworkManager[777]: <info>  [1580499693.4387] management mode: unmanaged
Jan 31 12:41:33 cu-cs-vm NetworkManager[777]: <info>  [1580499693.4392] devices added (path: /sys/devices/pci0000:00/0000:00:11.0/net/enp0s17, iface: enp0s17)
Jan 31 12:41:33 cu-cs-vm NetworkManager[777]: <info>  [1580499693.4392] device added (path: /sys/devices/pci0000:00/0000:00:11.0/net/enp0s17, iface: enp0s17): no ifupdown configuration found.
Jan 31 12:41:33 cu-cs-vm NetworkManager[777]: <info>  [1580499693.4392] devices added (path: /sys/devices/virtual/net/lo, iface: lo)
Jan 31 12:41:33 cu-cs-vm NetworkManager[777]: <info>  [1580499693.4393] device added (path: /sys/devices/virtual/net/lo, iface: lo): no ifupdown configuration found.
Jan 31 12:41:33 cu-cs-vm NetworkManager[777]: <info>  [1580499693.4393] end _init.
Jan 31 12:41:33 cu-cs-vm NetworkManager[777]: <info>  [1580499693.4393] settings: loaded plugin ifupdown: (C) 2008 Canonical Ltd.  To report bugs please use the NetworkManager mailing list. (/usr/lib/x86_64-linux-gnu/NetworkManager/libnm-settings-plugin-ifupdown.so)
Jan 31 12:41:33 cu-cs-vm NetworkManager[777]: <info>  [1580499693.4394] settings: loaded plugin keyfile: (c) 2007 - 2015 Red Hat, Inc.  To report bugs please use the NetworkManager mailing list.
Jan 31 12:41:33 cu-cs-vm NetworkManager[777]: <info>  [1580499693.4422] SettingsPlugin-Ofono: init!
Jan 31 12:41:33 cu-cs-vm NetworkManager[777]: <warn>  [1580499693.4424] SettingsPlugin-Ofono: file doesn't exist: /var/lib/ofono
Jan 31 12:41:33 cu-cs-vm NetworkManager[777]: <info>  [1580499693.4425] SettingsPlugin-Ofono: end _init.
Jan 31 12:41:33 cu-cs-vm NetworkManager[777]: <info>  [1580499693.4425] settings: loaded plugin ofono: (C) 2013-2016 Canonical Ltd.  To report bugs please use the NetworkManager mailing list. (/usr/lib/x86_64-linux-gnu/NetworkManager/libnm-settings-plugin-ofono.so)
Jan 31 12:41:33 cu-cs-vm NetworkManager[777]: <info>  [1580499693.4425] (40925088) ... get_connections.
Jan 31 12:41:33 cu-cs-vm NetworkManager[777]: <info>  [1580499693.4425] (40925088) ... get_connections (managed=false): return empty list.
Jan 31 12:41:33 cu-cs-vm NetworkManager[777]: <info>  [1580499693.4440] SettingsPlugin-Ofono: (40925312) ... get_connections.
Jan 31 12:41:33 cu-cs-vm NetworkManager[777]: <info>  [1580499693.4441] SettingsPlugin-Ofono: (40925312) connections count: 0
Jan 31 12:41:33 cu-cs-vm NetworkManager[777]: <info>  [1580499693.4442] get unmanaged devices count: 0
Jan 31 12:41:33 cu-cs-vm dbus[763]: [system] Activating via systemd: service name='org.freedesktop.hostname1' unit='dbus-org.freedesktop.hostname1.service'
Jan 31 12:41:33 cu-cs-vm systemd[1]: Starting Hostname Service...
Jan 31 12:41:33 cu-cs-vm snapd[784]: 2020/01/31 12:41:33.485158 daemon.go:343: started snapd/2.34.2 (series 16; classic) ubuntu/16.04 (amd64) linux/4.15.0-33-generic.
Jan 31 12:41:33 cu-cs-vm systemd[1]: Started Snappy daemon.
Jan 31 12:41:33 cu-cs-vm systemd[1]: Starting Wait until snapd is fully seeded...
Jan 31 12:41:33 cu-cs-vm snapd[784]: 2020/01/31 12:41:33.501686 stateengine.go:101: state ensure error: Get https://api.snapcraft.io/api/v1/snaps/sections: dial tcp: lookup api.snapcraft.io on [::1]:53: read udp [::1]:59753->[::1]:53: read: connection refused
Jan 31 12:41:33 cu-cs-vm dbus[763]: [system] Successfully activated service 'org.freedesktop.hostname1'
Jan 31 12:41:33 cu-cs-vm systemd[1]: Started Hostname Service.
Jan 31 12:41:33 cu-cs-vm NetworkManager[777]: <info>  [1580499693.5101] settings: hostname: using hostnamed
Jan 31 12:41:33 cu-cs-vm NetworkManager[777]: <info>  [1580499693.5101] settings: hostname changed from (none) to "cu-cs-vm"
Jan 31 12:41:33 cu-cs-vm nm-dispatcher: req:1 'hostname': new request (1 scripts)
Jan 31 12:41:33 cu-cs-vm NetworkManager[777]: <info>  [1580499693.5106] Using DHCP client 'dhclient'
Jan 31 12:41:33 cu-cs-vm nm-dispatcher: req:1 'hostname': start running ordered scripts...
Jan 31 12:41:33 cu-cs-vm NetworkManager[777]: <info>  [1580499693.5106] manager: WiFi enabled by radio killswitch; enabled by state file
Jan 31 12:41:33 cu-cs-vm NetworkManager[777]: <info>  [1580499693.5107] manager: WWAN enabled by radio killswitch; enabled by state file
Jan 31 12:41:33 cu-cs-vm NetworkManager[777]: <info>  [1580499693.5107] manager: Networking is enabled by state file
Jan 31 12:41:33 cu-cs-vm NetworkManager[777]: <info>  [1580499693.5108] Loaded device plugin: NMVxlanFactory (internal)
Jan 31 12:41:33 cu-cs-vm NetworkManager[777]: <info>  [1580499693.5108] Loaded device plugin: NMVlanFactory (internal)
Jan 31 12:41:33 cu-cs-vm NetworkManager[777]: <info>  [1580499693.5108] Loaded device plugin: NMVethFactory (internal)
Jan 31 12:41:33 cu-cs-vm NetworkManager[777]: <info>  [1580499693.5108] Loaded device plugin: NMTunFactory (internal)
Jan 31 12:41:33 cu-cs-vm NetworkManager[777]: <info>  [1580499693.5109] Loaded device plugin: NMMacvlanFactory (internal)
Jan 31 12:41:33 cu-cs-vm NetworkManager[777]: <info>  [1580499693.5109] Loaded device plugin: NMIPTunnelFactory (internal)
Jan 31 12:41:33 cu-cs-vm NetworkManager[777]: <info>  [1580499693.5110] Loaded device plugin: NMInfinibandFactory (internal)
Jan 31 12:41:33 cu-cs-vm NetworkManager[777]: <info>  [1580499693.5110] Loaded device plugin: NMEthernetFactory (internal)
Jan 31 12:41:33 cu-cs-vm NetworkManager[777]: <info>  [1580499693.5110] Loaded device plugin: NMBridgeFactory (internal)
Jan 31 12:41:33 cu-cs-vm NetworkManager[777]: <info>  [1580499693.5111] Loaded device plugin: NMBondFactory (internal)
Jan 31 12:41:33 cu-cs-vm kernel: [   18.008725] snd_intel8x0 0000:00:05.0: measure - unreliable DMA position..
Jan 31 12:41:33 cu-cs-vm systemd[1]: Started Wait until snapd is fully seeded.
Jan 31 12:41:33 cu-cs-vm systemd[1]: Started OpenBSD Secure Shell server.
Jan 31 12:41:33 cu-cs-vm NetworkManager[777]: <info>  [1580499693.5841] Loaded device plugin: NMBluezManager (/usr/lib/x86_64-linux-gnu/NetworkManager/libnm-device-plugin-bluetooth.so)
Jan 31 12:41:33 cu-cs-vm NetworkManager[777]: <info>  [1580499693.5880] Loaded device plugin: NMAtmManager (/usr/lib/x86_64-linux-gnu/NetworkManager/libnm-device-plugin-adsl.so)
Jan 31 12:41:33 cu-cs-vm NetworkManager[777]: <info>  [1580499693.5909] Loaded device plugin: NMWwanFactory (/usr/lib/x86_64-linux-gnu/NetworkManager/libnm-device-plugin-wwan.so)
Jan 31 12:41:33 cu-cs-vm NetworkManager[777]: <info>  [1580499693.5935] Loaded device plugin: NMWifiFactory (/usr/lib/x86_64-linux-gnu/NetworkManager/libnm-device-plugin-wifi.so)
Jan 31 12:41:33 cu-cs-vm NetworkManager[777]: <info>  [1580499693.5966] manager: (enp0s17): new Ethernet device (/org/freedesktop/NetworkManager/Devices/0)
Jan 31 12:41:33 cu-cs-vm NetworkManager[777]: <info>  [1580499693.5983] keyfile: add connection in-memory (4048bd9e-0fbe-3542-a246-015896d75c8b,"Wired connection 1")
Jan 31 12:41:33 cu-cs-vm NetworkManager[777]: <info>  [1580499693.6000] settings: (enp0s17): created default wired connection 'Wired connection 1'
Jan 31 12:41:33 cu-cs-vm NetworkManager[777]: <info>  [1580499693.6023] device (enp0s17): state change: unmanaged -> unavailable (reason 'managed') [10 20 2]
Jan 31 12:41:33 cu-cs-vm kernel: [   18.085385] IPv6: ADDRCONF(NETDEV_UP): enp0s17: link is not ready
Jan 31 12:41:33 cu-cs-vm kernel: [   18.088932] IPv6: ADDRCONF(NETDEV_UP): enp0s17: link is not ready
Jan 31 12:41:33 cu-cs-vm NetworkManager[777]: nm_device_get_device_type: assertion 'NM_IS_DEVICE (self)' failed
Jan 31 12:41:33 cu-cs-vm NetworkManager[777]: <info>  [1580499693.6097] device (lo): link connected
Jan 31 12:41:33 cu-cs-vm NetworkManager[777]: <info>  [1580499693.6123] manager: (lo): new Generic device (/org/freedesktop/NetworkManager/Devices/1)
Jan 31 12:41:33 cu-cs-vm kernel: [   18.092902] e1000: enp0s17 NIC Link is Up 1000 Mbps Full Duplex, Flow Control: RX
Jan 31 12:41:33 cu-cs-vm kernel: [   18.093356] IPv6: ADDRCONF(NETDEV_CHANGE): enp0s17: link becomes ready
Jan 31 12:41:33 cu-cs-vm NetworkManager[777]: <info>  [1580499693.6201] urfkill disappeared from the bus
Jan 31 12:41:33 cu-cs-vm NetworkManager[777]: <info>  [1580499693.6212] device (enp0s17): link connected
Jan 31 12:41:33 cu-cs-vm NetworkManager[777]: <info>  [1580499693.6295] device (enp0s17): state change: unavailable -> disconnected (reason 'carrier-changed') [20 30 40]
Jan 31 12:41:33 cu-cs-vm NetworkManager[777]: <info>  [1580499693.6351] policy: auto-activating connection 'Wired connection 1'
Jan 31 12:41:33 cu-cs-vm NetworkManager[777]: <info>  [1580499693.6379] ofono is now available
Jan 31 12:41:33 cu-cs-vm NetworkManager[777]: <warn>  [1580499693.6390] failed to enumerate oFono devices: GDBus.Error:org.freedesktop.DBus.Error.ServiceUnknown: The name org.ofono was not provided by any .service files
Jan 31 12:41:33 cu-cs-vm NetworkManager[777]: <info>  [1580499693.6409] device (enp0s17): Activation: starting connection 'Wired connection 1' (4048bd9e-0fbe-3542-a246-015896d75c8b)
Jan 31 12:41:33 cu-cs-vm NetworkManager[777]: <info>  [1580499693.6425] device (enp0s17): state change: disconnected -> prepare (reason 'none') [30 40 0]
Jan 31 12:41:33 cu-cs-vm systemd[1]: Started Light Display Manager.
Jan 31 12:41:33 cu-cs-vm NetworkManager[777]: <info>  [1580499693.6456] manager: NetworkManager state is now CONNECTING
Jan 31 12:41:33 cu-cs-vm NetworkManager[777]: <info>  [1580499693.6485] device (enp0s17): state change: prepare -> config (reason 'none') [40 50 0]
Jan 31 12:41:33 cu-cs-vm NetworkManager[777]: <info>  [1580499693.6550] device (enp0s17): state change: config -> ip-config (reason 'none') [50 70 0]
Jan 31 12:41:33 cu-cs-vm NetworkManager[777]: <info>  [1580499693.6574] dhcp4 (enp0s17): activation: beginning transaction (timeout in 45 seconds)
Jan 31 12:41:33 cu-cs-vm NetworkManager[777]: <info>  [1580499693.6753] dhcp4 (enp0s17): dhclient started with pid 893
Jan 31 12:41:33 cu-cs-vm dhclient[893]: DHCPREQUEST of 10.0.2.15 on enp0s17 to 255.255.255.255 port 67 (xid=0x136c87c6)
Jan 31 12:41:33 cu-cs-vm dhclient[893]: DHCPACK of 10.0.2.15 from 10.0.2.2
Jan 31 12:41:33 cu-cs-vm NetworkManager[777]: <info>  [1580499693.7428]   address 10.0.2.15
Jan 31 12:41:33 cu-cs-vm NetworkManager[777]: <info>  [1580499693.7431]   plen 24 (255.255.255.0)
Jan 31 12:41:33 cu-cs-vm NetworkManager[777]: <info>  [1580499693.7434]   gateway 10.0.2.2
Jan 31 12:41:33 cu-cs-vm NetworkManager[777]: <info>  [1580499693.7437]   server identifier 10.0.2.2
Jan 31 12:41:33 cu-cs-vm NetworkManager[777]: <info>  [1580499693.7440]   lease time 86400
Jan 31 12:41:33 cu-cs-vm NetworkManager[777]: <info>  [1580499693.7443]   nameserver '128.138.130.30'
Jan 31 12:41:33 cu-cs-vm NetworkManager[777]: <info>  [1580499693.7450]   nameserver '128.138.240.1'
Jan 31 12:41:33 cu-cs-vm NetworkManager[777]: <info>  [1580499693.7451]   nameserver '128.138.129.76'
Jan 31 12:41:33 cu-cs-vm NetworkManager[777]: <info>  [1580499693.7454]   domain name 'int.colorado.edu'
Jan 31 12:41:33 cu-cs-vm NetworkManager[777]: <info>  [1580499693.7459] dhcp4 (enp0s17): state changed unknown -> bound
Jan 31 12:41:33 cu-cs-vm avahi-daemon[778]: Joining mDNS multicast group on interface enp0s17.IPv4 with address 10.0.2.15.
Jan 31 12:41:33 cu-cs-vm avahi-daemon[778]: New relevant interface enp0s17.IPv4 for mDNS.
Jan 31 12:41:33 cu-cs-vm avahi-daemon[778]: Registering new address record for 10.0.2.15 on enp0s17.IPv4.
Jan 31 12:41:33 cu-cs-vm NetworkManager[777]: <info>  [1580499693.7493] device (enp0s17): state change: ip-config -> ip-check (reason 'none') [70 80 0]
Jan 31 12:41:33 cu-cs-vm NetworkManager[777]: <info>  [1580499693.7508] device (enp0s17): state change: ip-check -> secondaries (reason 'none') [80 90 0]
Jan 31 12:41:33 cu-cs-vm NetworkManager[777]: <info>  [1580499693.7517] device (enp0s17): state change: secondaries -> activated (reason 'none') [90 100 0]
Jan 31 12:41:33 cu-cs-vm NetworkManager[777]: <info>  [1580499693.7523] manager: NetworkManager state is now CONNECTED_LOCAL
Jan 31 12:41:33 cu-cs-vm NetworkManager[777]: <info>  [1580499693.7585] manager: NetworkManager state is now CONNECTED_GLOBAL
Jan 31 12:41:33 cu-cs-vm NetworkManager[777]: <info>  [1580499693.7587] policy: set 'Wired connection 1' (enp0s17) as default for IPv4 routing and DNS
Jan 31 12:41:33 cu-cs-vm NetworkManager[777]: <info>  [1580499693.7602] dns-plugin[0x26f80f0]: starting dnsmasq...
Jan 31 12:41:33 cu-cs-vm NetworkManager[777]: <info>  [1580499693.7684] dns-mgr: Writing DNS information to /sbin/resolvconf
Jan 31 12:41:33 cu-cs-vm dnsmasq[906]: started, version 2.75 cache disabled
Jan 31 12:41:33 cu-cs-vm dnsmasq[906]: compile time options: IPv6 GNU-getopt DBus i18n IDN DHCP DHCPv6 no-Lua TFTP conntrack ipset auth DNSSEC loop-detect inotify
Jan 31 12:41:33 cu-cs-vm dnsmasq[906]: DBus support enabled: connected to system bus
Jan 31 12:41:33 cu-cs-vm dnsmasq[906]: warning: no upstream servers configured
Jan 31 12:41:33 cu-cs-vm dhclient[893]: bound to 10.0.2.15 -- renewal in 38605 seconds.
Jan 31 12:41:33 cu-cs-vm kernel: [   18.392085] snd_intel8x0 0000:00:05.0: measure - unreliable DMA position..
Jan 31 12:41:33 cu-cs-vm kernel: [   18.392091] snd_intel8x0 0000:00:05.0: clocking to 48000
Jan 31 12:41:33 cu-cs-vm systemd[1]: Reached target Sound Card.
Jan 31 12:41:34 cu-cs-vm NetworkManager[777]: <info>  [1580499694.0705] device (enp0s17): Activation: successful, device activated.
Jan 31 12:41:34 cu-cs-vm nm-dispatcher: req:2 'up' [enp0s17]: new request (1 scripts)
Jan 31 12:41:34 cu-cs-vm nm-dispatcher: req:2 'up' [enp0s17]: start running ordered scripts...
Jan 31 12:41:34 cu-cs-vm NetworkManager[777]: <info>  [1580499694.0798] dnsmasq[0x26f80f0]: dnsmasq appeared as :1.15
Jan 31 12:41:34 cu-cs-vm dnsmasq[906]: setting upstream servers from DBus
Jan 31 12:41:34 cu-cs-vm dnsmasq[906]: using nameserver 128.138.130.30#53(via enp0s17)
Jan 31 12:41:34 cu-cs-vm dnsmasq[906]: using nameserver 128.138.240.1#53(via enp0s17)
Jan 31 12:41:34 cu-cs-vm dnsmasq[906]: using nameserver 128.138.129.76#53(via enp0s17)
Jan 31 12:41:34 cu-cs-vm systemd-udevd[371]: Process '/usr/sbin/alsactl -E HOME=/run/alsa restore 0' failed with exit code 99.
Jan 31 12:41:34 cu-cs-vm systemd[1]: Reloading OpenBSD Secure Shell server.
Jan 31 12:41:34 cu-cs-vm systemd[1]: Reloaded OpenBSD Secure Shell server.
Jan 31 12:41:34 cu-cs-vm systemd[1]: Reloading OpenBSD Secure Shell server.
Jan 31 12:41:34 cu-cs-vm systemd[1]: Reloaded OpenBSD Secure Shell server.
Jan 31 12:41:34 cu-cs-vm systemd[1]: Created slice User Slice of user.
Jan 31 12:41:34 cu-cs-vm systemd[1]: Starting User Manager for UID 1000...
Jan 31 12:41:34 cu-cs-vm systemd[1]: Started Session c1 of user user.
Jan 31 12:41:34 cu-cs-vm systemd[1075]: Reached target Sockets.
Jan 31 12:41:34 cu-cs-vm systemd[1075]: Reached target Timers.
Jan 31 12:41:34 cu-cs-vm systemd[1075]: Reached target Paths.
Jan 31 12:41:34 cu-cs-vm systemd[1075]: Reached target Basic System.
Jan 31 12:41:34 cu-cs-vm systemd[1075]: Reached target Default.
Jan 31 12:41:34 cu-cs-vm systemd[1075]: Startup finished in 38ms.
Jan 31 12:41:34 cu-cs-vm systemd[1]: Started User Manager for UID 1000.
Jan 31 12:41:35 cu-cs-vm avahi-daemon[778]: Joining mDNS multicast group on interface enp0s17.IPv6 with address fe80::2da:548f:a259:3bb4.
Jan 31 12:41:35 cu-cs-vm avahi-daemon[778]: New relevant interface enp0s17.IPv6 for mDNS.
Jan 31 12:41:35 cu-cs-vm avahi-daemon[778]: Registering new address record for fe80::2da:548f:a259:3bb4 on enp0s17.*.
Jan 31 12:41:35 cu-cs-vm org.a11y.Bus[1149]: ** (process:1216): WARNING **: Failed to register client: GDBus.Error:org.freedesktop.DBus.Error.ServiceUnknown: The name org.gnome.SessionManager was not provided by any .service files
Jan 31 12:41:35 cu-cs-vm org.a11y.Bus[1149]: Activating service name='org.a11y.atspi.Registry'
Jan 31 12:41:35 cu-cs-vm org.a11y.Bus[1149]: Successfully activated service 'org.a11y.atspi.Registry'
Jan 31 12:41:35 cu-cs-vm org.a11y.atspi.Registry[1221]: SpiRegistry daemon is running with well-known name - org.a11y.atspi.Registry
Jan 31 12:41:38 cu-cs-vm dbus[763]: [system] Activating via systemd: service name='org.freedesktop.RealtimeKit1' unit='rtkit-daemon.service'
Jan 31 12:41:38 cu-cs-vm systemd[1]: Starting RealtimeKit Scheduling Policy Service...
Jan 31 12:41:38 cu-cs-vm dbus[763]: [system] Successfully activated service 'org.freedesktop.RealtimeKit1'
Jan 31 12:41:38 cu-cs-vm systemd[1]: Started RealtimeKit Scheduling Policy Service.
Jan 31 12:41:38 cu-cs-vm rtkit-daemon[1287]: Successfully called chroot.
Jan 31 12:41:38 cu-cs-vm rtkit-daemon[1287]: Successfully dropped privileges.
Jan 31 12:41:38 cu-cs-vm rtkit-daemon[1287]: Successfully limited resources.
Jan 31 12:41:38 cu-cs-vm rtkit-daemon[1287]: Running.
Jan 31 12:41:38 cu-cs-vm rtkit-daemon[1287]: Canary thread running.
Jan 31 12:41:38 cu-cs-vm rtkit-daemon[1287]: Watchdog thread running.
Jan 31 12:41:38 cu-cs-vm NetworkManager[777]: <info>  [1580499698.5201] manager: startup complete
Jan 31 12:41:38 cu-cs-vm systemd[1]: Started Network Manager Wait Online.
Jan 31 12:41:38 cu-cs-vm systemd[1]: Reached target Network is Online.
Jan 31 12:41:38 cu-cs-vm systemd[1]: Starting LSB: disk temperature monitoring daemon...
Jan 31 12:41:38 cu-cs-vm systemd[1]: Starting /etc/rc.local Compatibility...
Jan 31 12:41:38 cu-cs-vm systemd[1]: Started crash report submission daemon.
Jan 31 12:41:38 cu-cs-vm whoopsie[1305]: [12:41:38] Using lock path: /var/lock/whoopsie/lock
Jan 31 12:41:38 cu-cs-vm systemd[1]: Started LSB: disk temperature monitoring daemon.
Jan 31 12:41:38 cu-cs-vm rtkit-daemon[1287]: Successfully made thread 1285 of process 1285 (n/a) owned by '1000' high priority at nice level -11.
Jan 31 12:41:38 cu-cs-vm rtkit-daemon[1287]: Supervising 1 threads of 1 processes of 1 users.
Jan 31 12:41:38 cu-cs-vm whoopsie[1305]: [12:41:38] The default IPv4 route is: /org/freedesktop/NetworkManager/ActiveConnection/0
Jan 31 12:41:38 cu-cs-vm whoopsie[1305]: [12:41:38] Not a paid data plan: /org/freedesktop/NetworkManager/ActiveConnection/0
Jan 31 12:41:38 cu-cs-vm whoopsie[1305]: [12:41:38] Found usable connection: /org/freedesktop/NetworkManager/ActiveConnection/0
Jan 31 12:41:38 cu-cs-vm systemd[1]: Started /etc/rc.local Compatibility.
Jan 31 12:41:38 cu-cs-vm systemd[1]: Starting Hold until boot process finishes up...
Jan 31 12:41:38 cu-cs-vm systemd[1]: Started Hold until boot process finishes up.
Jan 31 12:41:38 cu-cs-vm systemd[1]: Started Getty on tty1.
Jan 31 12:41:38 cu-cs-vm systemd[1]: Reached target Login Prompts.
Jan 31 12:41:38 cu-cs-vm systemd[1]: Reached target Multi-User System.
Jan 31 12:41:38 cu-cs-vm systemd[1]: Reached target Graphical Interface.
Jan 31 12:41:38 cu-cs-vm systemd[1]: Starting Update UTMP about System Runlevel Changes...
Jan 31 12:41:38 cu-cs-vm systemd[1]: Starting Set console scheme...
Jan 31 12:41:38 cu-cs-vm systemd[1]: Started Set console scheme.
Jan 31 12:41:38 cu-cs-vm systemd[1]: Started Update UTMP about System Runlevel Changes.
Jan 31 12:41:38 cu-cs-vm systemd[1]: Startup finished in 14.766s (kernel) + 8.467s (userspace) = 23.234s.
Jan 31 12:41:39 cu-cs-vm pulseaudio[1285]: [pulseaudio] alsa-util.c: Disabling timer-based scheduling because running inside a VM.
Jan 31 12:41:39 cu-cs-vm rtkit-daemon[1287]: Supervising 1 threads of 1 processes of 1 users.
Jan 31 12:41:39 cu-cs-vm rtkit-daemon[1287]: Successfully made thread 1341 of process 1285 (n/a) owned by '1000' RT at priority 5.
Jan 31 12:41:39 cu-cs-vm rtkit-daemon[1287]: Supervising 2 threads of 1 processes of 1 users.
Jan 31 12:41:39 cu-cs-vm pulseaudio[1285]: [pulseaudio] alsa-util.c: Disabling timer-based scheduling because running inside a VM.
Jan 31 12:41:39 cu-cs-vm rtkit-daemon[1287]: Supervising 2 threads of 1 processes of 1 users.
Jan 31 12:41:39 cu-cs-vm rtkit-daemon[1287]: Successfully made thread 1346 of process 1285 (n/a) owned by '1000' RT at priority 5.
Jan 31 12:41:39 cu-cs-vm rtkit-daemon[1287]: Supervising 3 threads of 1 processes of 1 users.
Jan 31 12:41:39 cu-cs-vm rtkit-daemon[1287]: Successfully made thread 1354 of process 1354 (n/a) owned by '1000' high priority at nice level -11.
Jan 31 12:41:39 cu-cs-vm rtkit-daemon[1287]: Supervising 4 threads of 2 processes of 1 users.
Jan 31 12:41:39 cu-cs-vm pulseaudio[1354]: [pulseaudio] pid.c: Daemon already running.
Jan 31 12:41:39 cu-cs-vm dbus[763]: [system] Activating via systemd: service name='org.freedesktop.UPower' unit='upower.service'
Jan 31 12:41:39 cu-cs-vm systemd[1]: Starting Daemon for power management...
Jan 31 12:41:39 cu-cs-vm dbus[763]: [system] Successfully activated service 'org.freedesktop.UPower'
Jan 31 12:41:39 cu-cs-vm systemd[1]: Started Daemon for power management.
Jan 31 12:41:39 cu-cs-vm dbus[763]: [system] Activating via systemd: service name='org.freedesktop.UDisks2' unit='udisks2.service'
Jan 31 12:41:39 cu-cs-vm systemd[1]: Starting Disk Manager...
Jan 31 12:41:39 cu-cs-vm udisksd[1394]: udisks daemon version 2.1.7 starting
Jan 31 12:41:40 cu-cs-vm dbus[763]: [system] Successfully activated service 'org.freedesktop.UDisks2'
Jan 31 12:41:40 cu-cs-vm systemd[1]: Started Disk Manager.
Jan 31 12:41:40 cu-cs-vm udisksd[1394]: Acquired the name org.freedesktop.UDisks2 on the system message bus
Jan 31 12:41:40 cu-cs-vm org.gtk.vfs.AfcVolumeMonitor[1149]: Volume monitor alive
Jan 31 12:41:42 cu-cs-vm dbus[763]: [system] Activating via systemd: service name='org.bluez' unit='dbus-org.bluez.service'
Jan 31 12:41:43 cu-cs-vm NetworkManager[777]: <info>  [1580499703.5182] manager: WiFi hardware radio set enabled
Jan 31 12:41:43 cu-cs-vm NetworkManager[777]: <info>  [1580499703.5182] manager: WWAN hardware radio set enabled
Jan 31 12:41:46 cu-cs-vm systemd[1]: Started Daemon for generating UUIDs.
Jan 31 12:41:48 cu-cs-vm org.gnome.keyring.SystemPrompter[1149]: Gtk-Message: GtkDialog mapped without a transient parent. This is discouraged.
Jan 31 12:42:07 cu-cs-vm dbus[763]: [system] Activating service name='org.blueman.Mechanism' (using servicehelper)
Jan 31 12:42:07 cu-cs-vm obexd[1722]: OBEX daemon 5.37
Jan 31 12:42:07 cu-cs-vm dbus[763]: [system] Activating via systemd: service name='org.bluez' unit='dbus-org.bluez.service'
Jan 31 12:42:07 cu-cs-vm org.blueman.Mechanism[763]: Failed to connect to Mir: Failed to connect to server socket: No such file or directory
Jan 31 12:42:07 cu-cs-vm org.blueman.Mechanism[763]: Unable to init server: Could not connect: Connection refused
Jan 31 12:42:07 cu-cs-vm org.blueman.Mechanism[763]: Failed to connect to Mir: Failed to connect to server socket: No such file or directory
Jan 31 12:42:07 cu-cs-vm org.blueman.Mechanism[763]: Unable to init server: Could not connect: Connection refused
Jan 31 12:42:07 cu-cs-vm blueman-mechanism: Starting blueman-mechanism
Jan 31 12:42:07 cu-cs-vm dbus[763]: [system] Successfully activated service 'org.blueman.Mechanism'
Jan 31 12:42:07 cu-cs-vm org.blueman.Mechanism[763]: (blueman-mechanism:1718): Gtk-CRITICAL **: gtk_icon_theme_get_for_screen: assertion 'GDK_IS_SCREEN (screen)' failed
Jan 31 12:42:07 cu-cs-vm blueman-mechanism: loading Ppp
Jan 31 12:42:07 cu-cs-vm blueman-mechanism: loading RfKill
Jan 31 12:42:07 cu-cs-vm blueman-mechanism: loading Rfcomm
Jan 31 12:42:07 cu-cs-vm blueman-mechanism: loading Network
Jan 31 12:42:11 cu-cs-vm systemd-timesyncd[419]: Timed out waiting for reply from 91.189.94.4:123 (ntp.ubuntu.com).
Jan 31 12:42:21 cu-cs-vm systemd-timesyncd[419]: Timed out waiting for reply from 91.189.89.198:123 (ntp.ubuntu.com).
Jan 31 12:42:31 cu-cs-vm systemd-timesyncd[419]: Timed out waiting for reply from 91.189.89.199:123 (ntp.ubuntu.com).
Jan 31 12:42:30 cu-cs-vm systemd-timesyncd[419]: Synchronized to time server 91.189.91.157:123 (ntp.ubuntu.com).
Jan 31 12:42:30 cu-cs-vm systemd[1075]: Time has been changed
Jan 31 12:42:30 cu-cs-vm systemd[1]: Time has been changed
Jan 31 12:42:36 cu-cs-vm blueman-mechanism: Exiting
Jan 31 12:51:30 cu-cs-vm anacron[728]: Job `cron.weekly' started
Jan 31 12:51:30 cu-cs-vm anacron[9655]: Updated timestamp for job `cron.weekly' to 2020-01-31
Jan 31 12:51:30 cu-cs-vm uptimed: moving up to position 2: 0 days, 00:10:17
Jan 31 12:51:32 cu-cs-vm anacron[728]: Job `cron.weekly' terminated
Jan 31 12:56:31 cu-cs-vm anacron[728]: Job `cron.monthly' started
Jan 31 12:56:31 cu-cs-vm systemd[1]: Starting Cleanup of Temporary Directories...
Jan 31 12:56:31 cu-cs-vm systemd-tmpfiles[9695]: [/usr/lib/tmpfiles.d/var.conf:14] Duplicate line for path "/var/log", ignoring.
Jan 31 12:56:31 cu-cs-vm anacron[9698]: Updated timestamp for job `cron.monthly' to 2020-01-31
Jan 31 12:56:31 cu-cs-vm anacron[728]: Job `cron.monthly' terminated
Jan 31 12:56:31 cu-cs-vm anacron[728]: Normal exit (2 jobs run)
Jan 31 12:56:31 cu-cs-vm systemd[1]: Started Cleanup of Temporary Directories.
Jan 31 13:02:04 cu-cs-vm kernel: [ 1250.229151] watchdog: BUG: soft lockup - CPU#0 stuck for 125s! [cc1:13148]
Jan 31 13:02:04 cu-cs-vm kernel: [ 1250.229156] Modules linked in: snd_intel8x0 snd_ac97_codec ac97_bus snd_pcm crct10dif_pclmul crc32_pclmul ghash_clmulni_intel pcbc snd_seq_midi snd_seq_midi_event snd_rawmidi aesni_intel aes_x86_64 snd_seq crypto_simd glue_helper cryptd intel_rapl_perf snd_seq_device snd_timer input_leds serio_raw vboxvideo(CE) ttm drm_kms_helper snd drm fb_sys_fops soundcore vboxguest syscopyarea mac_hid i2c_piix4 binfmt_misc sysfillrect sysimgblt parport_pc ppdev lp parport autofs4 mptspi mptscsih mptbase e1000 ahci scsi_transport_spi psmouse libahci video
Jan 31 13:02:04 cu-cs-vm kernel: [ 1250.229223] CPU: 0 PID: 13148 Comm: cc1 Tainted: G         C  E    4.15.0-33-generic #36~16.04.1-Ubuntu
Jan 31 13:02:04 cu-cs-vm kernel: [ 1250.229224] Hardware name: innotek GmbH VirtualBox/VirtualBox, BIOS VirtualBox 12/01/2006
Jan 31 13:02:04 cu-cs-vm kernel: [ 1250.229242] RIP: 0010:__do_softirq+0x70/0x28f
Jan 31 13:02:04 cu-cs-vm kernel: [ 1250.229243] RSP: 0000:ffff9acaffc03f68 EFLAGS: 00000206 ORIG_RAX: ffffffffffffff11
Jan 31 13:02:04 cu-cs-vm kernel: [ 1250.229245] RAX: ffff9acab3698000 RBX: ffff9acaffc15f00 RCX: 0000000000000838
Jan 31 13:02:04 cu-cs-vm kernel: [ 1250.229246] RDX: 0000000000000002 RSI: 0000000000000002 RDI: 0000000000000838
Jan 31 13:02:04 cu-cs-vm kernel: [ 1250.229248] RBP: ffff9acaffc03fb8 R08: 0000000000000002 R09: 0000010462052000
Jan 31 13:02:04 cu-cs-vm kernel: [ 1250.229249] R10: 0000000000000000 R11: 0000000000000001 R12: 0000000000000000
Jan 31 13:02:04 cu-cs-vm kernel: [ 1250.229250] R13: 0000000000000000 R14: 0000000000000000 R15: 0000000000000000
Jan 31 13:02:04 cu-cs-vm kernel: [ 1250.229252] FS:  00007f961aa29840(0000) GS:ffff9acaffc00000(0000) knlGS:0000000000000000
Jan 31 13:02:04 cu-cs-vm kernel: [ 1250.229253] CS:  0010 DS: 0000 ES: 0000 CR0: 0000000080050033
Jan 31 13:02:04 cu-cs-vm kernel: [ 1250.229254] CR2: 00007f961773c000 CR3: 0000000079612002 CR4: 00000000000606f0
Jan 31 13:02:04 cu-cs-vm kernel: [ 1250.229331] Call Trace:
Jan 31 13:02:04 cu-cs-vm kernel: [ 1250.229333]  <IRQ>
Jan 31 13:02:04 cu-cs-vm kernel: [ 1250.229343]  irq_exit+0xb8/0xc0
Jan 31 13:02:04 cu-cs-vm kernel: [ 1250.229346]  smp_apic_timer_interrupt+0x79/0x140
Jan 31 13:02:04 cu-cs-vm kernel: [ 1250.229349]  apic_timer_interrupt+0x84/0x90
Jan 31 13:02:04 cu-cs-vm kernel: [ 1250.229350]  </IRQ>
Jan 31 13:02:04 cu-cs-vm kernel: [ 1250.229352] RIP: 0033:0x114e080
Jan 31 13:02:04 cu-cs-vm kernel: [ 1250.229353] RSP: 002b:00007ffc3ab998d0 EFLAGS: 00000293 ORIG_RAX: ffffffffffffff11
Jan 31 13:02:04 cu-cs-vm kernel: [ 1250.229355] RAX: 0000000000000023 RBX: 00007f96186a60b0 RCX: 0000000000003fff
Jan 31 13:02:04 cu-cs-vm kernel: [ 1250.229356] RDX: 0000000000000000 RSI: 00007f96186b10b8 RDI: 0000000000000023
Jan 31 13:02:04 cu-cs-vm kernel: [ 1250.229357] RBP: 0000000002192620 R08: 0000000000000001 R09: 00007f961aa08010
Jan 31 13:02:04 cu-cs-vm kernel: [ 1250.229358] R10: 0000000000004000 R11: 00007f9619455f90 R12: 000000000001404f
Jan 31 13:02:04 cu-cs-vm kernel: [ 1250.229360] R13: 00007f96186a60a8 R14: 0000000000000000 R15: 0000000000000000
Jan 31 13:02:04 cu-cs-vm kernel: [ 1250.229362] Code: 60 24 ff f7 ff ff 89 75 b4 0f b7 f2 89 75 d4 c7 45 c8 0a 00 00 00 48 89 45 b8 65 66 c7 05 97 1f 02 42 00 00 fb 66 0f 1f 44 00 00 <b8> ff ff ff ff 49 c7 c4 00 51 80 be 0f bc 45 d4 83 c0 01 89 45 
Jan 31 13:02:04 cu-cs-vm kernel: [ 1250.229813] watchdog: BUG: soft lockup - CPU#1 stuck for 125s! [cc1:13145]
Jan 31 13:02:04 cu-cs-vm kernel: [ 1250.229816] Modules linked in: snd_intel8x0 snd_ac97_codec ac97_bus snd_pcm crct10dif_pclmul crc32_pclmul ghash_clmulni_intel pcbc snd_seq_midi snd_seq_midi_event snd_rawmidi aesni_intel aes_x86_64 snd_seq crypto_simd glue_helper cryptd intel_rapl_perf snd_seq_device snd_timer input_leds serio_raw vboxvideo(CE) ttm drm_kms_helper snd drm fb_sys_fops soundcore vboxguest syscopyarea mac_hid i2c_piix4 binfmt_misc sysfillrect sysimgblt parport_pc ppdev lp parport autofs4 mptspi mptscsih mptbase e1000 ahci scsi_transport_spi psmouse libahci video
Jan 31 13:02:04 cu-cs-vm kernel: [ 1250.229860] CPU: 1 PID: 13145 Comm: cc1 Tainted: G         C  EL   4.15.0-33-generic #36~16.04.1-Ubuntu
Jan 31 13:02:04 cu-cs-vm kernel: [ 1250.229861] Hardware name: innotek GmbH VirtualBox/VirtualBox, BIOS VirtualBox 12/01/2006
Jan 31 13:02:04 cu-cs-vm kernel: [ 1250.229864] RIP: 0033:0xcbf810
Jan 31 13:02:04 cu-cs-vm kernel: [ 1250.229865] RSP: 002b:00007ffce27274d0 EFLAGS: 00000297 ORIG_RAX: ffffffffffffff11
Jan 31 13:02:04 cu-cs-vm kernel: [ 1250.229867] RAX: 0000000000001ba3 RBX: 0000000003ba2cd0 RCX: 000000000000000c
Jan 31 13:02:04 cu-cs-vm kernel: [ 1250.229869] RDX: 000000000000010a RSI: 0000000000002000 RDI: 0000000000000740
Jan 31 13:02:04 cu-cs-vm kernel: [ 1250.229870] RBP: 0000000000000028 R08: 0000000000000000 R09: 0000000003b41d30
Jan 31 13:02:04 cu-cs-vm kernel: [ 1250.229871] R10: 0000000003ba2b90 R11: 0000000000001ba2 R12: 0000000000000041
Jan 31 13:02:04 cu-cs-vm kernel: [ 1250.229872] R13: 0000000000000000 R14: 0000000000000001 R15: 0000000000000000
Jan 31 13:02:04 cu-cs-vm kernel: [ 1250.229874] FS:  00007f2febdce840(0000) GS:ffff9acaffd00000(0000) knlGS:0000000000000000
Jan 31 13:02:04 cu-cs-vm kernel: [ 1250.229875] CS:  0010 DS: 0000 ES: 0000 CR0: 0000000080050033
Jan 31 13:02:04 cu-cs-vm kernel: [ 1250.229877] CR2: 00007f2fe8109000 CR3: 0000000033742001 CR4: 00000000000606e0
Jan 31 13:02:04 cu-cs-vm rtkit-daemon[1287]: The canary thread is apparently starving. Taking action.
Jan 31 13:02:04 cu-cs-vm rtkit-daemon[1287]: Demoting known real-time threads.
Jan 31 13:02:04 cu-cs-vm rtkit-daemon[1287]: Successfully demoted thread 1346 of process 1285 (n/a).
Jan 31 13:02:04 cu-cs-vm rtkit-daemon[1287]: Successfully demoted thread 1341 of process 1285 (n/a).
Jan 31 13:02:04 cu-cs-vm rtkit-daemon[1287]: Successfully demoted thread 1285 of process 1285 (n/a).
Jan 31 13:02:04 cu-cs-vm rtkit-daemon[1287]: Demoted 3 threads.
Jan 31 14:07:00 cu-cs-vm kernel: [ 5145.968172] INFO: rcu_sched detected stalls on CPUs/tasks:
Jan 31 14:07:00 cu-cs-vm kernel: [ 5145.968184] 	1-...!: (0 ticks this GP) idle=73a/140000000000000/0 softirq=47074/47074 fqs=1 
Jan 31 14:07:00 cu-cs-vm kernel: [ 5145.968187] 	(detected by 0, t=416593 jiffies, g=12995, c=12994, q=200)
Jan 31 14:07:00 cu-cs-vm kernel: [ 5145.968193] Sending NMI from CPU 0 to CPUs 1:
Jan 31 14:07:00 cu-cs-vm kernel: [ 5146.021905] NMI backtrace for cpu 1
